04-18 20:20:11.328  1296  1336 D PackageManager: updatePermissions, packageName: com.snetwork.app, pkg: Package{f9c4b69 com.snetwork.app}, replaceGrant: true
04-18 20:20:14.154  1296  1336 V BackupManagerService: restoreAtInstall pkg=com.snetwork.app token=27 restoreSet=0
04-18 20:20:14.164  1296  1336 I InstallationStatistic: com.snetwork.app|com.google.android.packageinstaller|6143|639|102|298|2060|2617
04-18 20:20:14.164  1296  1336 D PackageManager: setWhitelistedRestrictedPermissions, pkg: Package{f9c4b69 com.snetwork.app}, callingUid: 1000, whitelistFlags: 2
04-18 20:20:14.214  1296  1458 I MiuiCompatModePackages: package com.snetwork.app updated, removing config
04-18 20:20:14.233  1296  1320 W BroadcastQueue: Background execution not allowed: receiving Intent { act=android.intent.action.PACKAGE_ADDED dat=package:com.snetwork.app flg=0x4000010 (has extras) } to com.lbe.security.miui/com.lbe.security.service.BootReceiver
04-18 20:20:14.234  1296  1320 W BroadcastQueue: Background execution not allowed: receiving Intent { act=android.intent.action.PACKAGE_ADDED dat=package:com.snetwork.app flg=0x4000010 (has extras) } to com.google.android.packageinstaller/com.android.packageinstaller.PackageInstalledReceiver
04-18 20:20:14.234  1296  1320 W BroadcastQueue: Background execution not allowed: receiving Intent { act=android.intent.action.PACKAGE_ADDED dat=package:com.snetwork.app flg=0x4000010 (has extras) } to com.android.settings/.search.provider.UpdateReceiver
04-18 20:20:14.234  1296  1320 W BroadcastQueue: Background execution not allowed: receiving Intent { act=android.intent.action.PACKAGE_ADDED dat=package:com.snetwork.app flg=0x4000010 (has extras) } to com.android.vending/com.google.android.finsky.packagemonitor.impl.PackageMonitorReceiverImpl$RegisteredReceiver
04-18 20:20:14.234  1296  1320 W BroadcastQueue: Background execution not allowed: receiving Intent { act=android.intent.action.PACKAGE_ADDED dat=package:com.snetwork.app flg=0x4000010 (has extras) } to com.android.vending/com.google.android.finsky.packagemonitor.backgroundimpl.BackgroundPackageMonitorReceiverImpl$RegisteredReceiver
04-18 20:20:14.235  1296  1320 W BroadcastQueue: Background execution not allowed: receiving Intent { act=android.intent.action.PACKAGE_ADDED dat=package:com.snetwork.app flg=0x4000010 (has extras) } to com.facebook.appmanager/com.facebook.oxygen.common.packages.event.manifest.ManifestPackageEventReceiver
04-18 20:20:14.488  1296  1320 W BroadcastQueue: Background execution not allowed: receiving Intent { act=android.intent.action.PACKAGE_ADDED dat=package:com.snetwork.app flg=0x4000010 (has extras) } to com.google.android.gms/.gass.chimera.PackageChangeBroadcastReceiver
04-18 20:20:14.593  1296  1320 W BroadcastQueue: Background execution not allowed: receiving Intent { act=android.intent.action.PACKAGE_ADDED dat=package:com.snetwork.app flg=0x4000010 (has extras) } to com.google.android.gms/.chimera.GmsIntentOperationService$PersistentTrustedReceiver
04-18 20:20:14.615  1296  1320 W BroadcastQueue: Background execution not allowed: receiving Intent { act=android.intent.action.PACKAGE_ADDED dat=package:com.snetwork.app flg=0x4000010 (has extras) } to com.miui.audioeffect/com.android.musicfx.Compatibility$Receiver
04-18 20:20:14.615  1296  1320 W BroadcastQueue: Background execution not allowed: receiving Intent { act=android.intent.action.PACKAGE_ADDED dat=package:com.snetwork.app flg=0x4000010 (has extras) } to com.xiaomi.discover/com.xiaomi.market.data.MyPackageMonitor
04-18 20:20:14.615  1296  1320 W BroadcastQueue: Background execution not allowed: receiving Intent { act=android.intent.action.PACKAGE_ADDED dat=package:com.snetwork.app flg=0x4000010 (has extras) } to com.xiaomi.mipicks/com.xiaomi.market.data.MyPackageMonitor
04-18 20:20:14.615  1296  1320 W BroadcastQueue: Background execution not allowed: receiving Intent { act=android.intent.action.PACKAGE_ADDED dat=package:com.snetwork.app flg=0x4000010 (has extras) } to com.xiaomi.misettings/.usagestats.AppTimerReceiver
04-18 20:20:14.616  1296  1320 W BroadcastQueue: Background execution not allowed: receiving Intent { act=android.intent.action.PACKAGE_ADDED dat=package:com.snetwork.app flg=0x4000010 (has extras) } to com.facebook.katana/com.facebook.feed.platformads.AppInstallReceiver
04-18 20:20:14.618  1296  1320 W BroadcastQueue: Background execution not allowed: receiving Intent { act=android.intent.action.PACKAGE_ADDED dat=package:com.snetwork.app flg=0x4000010 (has extras) } to com.jio.myjio/com.inn.passivesdk.receiver.PackageReceiver
04-18 20:20:16.086  1296  2462 I ActivityTaskManager: START u0 {act=android.intent.action.MAIN cat=[android.intent.category.LAUNCHER] flg=0x10000000 pkg=com.snetwork.app cmp=com.snetwork.app/.MainActivity} from uid 10092
04-18 20:20:16.924  1296  1321 D Boost   : hostingType=activity, hostingName={com.snetwork.app/com.snetwork.app.MainActivity}, callerPackage=com.google.android.packageinstaller, isSystem=true, isBoostNeeded=false.
04-18 20:20:16.926  1296  1321 I ActivityManager: Start proc 19425:com.snetwork.app/u0a228 for activity {com.snetwork.app/com.snetwork.app.MainActivity} caller=com.google.android.packageinstaller
04-18 20:20:17.407 19425 19425 E AndroidRuntime: Process: com.snetwork.app, PID: 19425
04-18 20:20:17.407 19425 19425 E AndroidRuntime: java.lang.RuntimeException: Unable to instantiate activity ComponentInfo{com.snetwork.app/com.snetwork.app.MainActivity}: java.lang.ClassNotFoundException: Didn't find class "com.snetwork.app.MainActivity" on path: DexPathList[[zip file "/data/app/com.snetwork.app-hPLca5vsYV2VzvxDNOdtoA==/base.apk"],nativeLibraryDirectories=[/data/app/com.snetwork.app-hPLca5vsYV2VzvxDNOdtoA==/lib/arm64, /data/app/com.snetwork.app-hPLca5vsYV2VzvxDNOdtoA==/base.apk!/lib/arm64-v8a, /system/lib64, /product/lib64]]
04-18 20:20:17.407 19425 19425 E AndroidRuntime: Caused by: java.lang.ClassNotFoundException: Didn't find class "com.snetwork.app.MainActivity" on path: DexPathList[[zip file "/data/app/com.snetwork.app-hPLca5vsYV2VzvxDNOdtoA==/base.apk"],nativeLibraryDirectories=[/data/app/com.snetwork.app-hPLca5vsYV2VzvxDNOdtoA==/lib/arm64, /data/app/com.snetwork.app-hPLca5vsYV2VzvxDNOdtoA==/base.apk!/lib/arm64-v8a, /system/lib64, /product/lib64]]
04-18 20:20:17.463  1296  1657 W ActivityTaskManager:   Force finishing activity com.snetwork.app/.MainActivity
04-18 20:20:17.530  1296  1391 V ActivityManager: Death received in com.android.server.am.ActivityManagerService$AppDeathRecipient@9a27678 for thread android.os.BinderProxy@3153151, mPid:19425,mApp:ProcessRecord{c0268 19425:com.snetwork.app/u0a228}
04-18 20:20:17.531  1296  1391 I ActivityManager: Process com.snetwork.app (pid 19425) has died: fore TOP 
04-18 20:20:17.964  1296  1313 W ActivityTaskManager: Activity top resumed state loss timeout for ActivityRecord{a0128df u0 com.snetwork.app/.MainActivity t-1 f}
04-18 20:20:18.473  1296  1320 W XSpaceManagerService: update XSpace App: packageName:com.snetwork.app, user:UserHandle{0}, action:android.intent.action.PACKAGE_ADDED
04-18 20:20:18.909 18833 19515 W PackageParser: Unknown element under <manifest>: queries at /data/app/com.snetwork.app-hPLca5vsYV2VzvxDNOdtoA==/base.apk Binary XML file line #29
04-18 20:20:18.922 18833 19515 W PackageParser: Unknown element under <manifest>: queries at /data/app/com.snetwork.app-hPLca5vsYV2VzvxDNOdtoA==/base.apk Binary XML file line #29
04-18 20:20:19.388 18833 19515 W PackageParser: Unknown element under <manifest>: queries at /data/app/com.snetwork.app-hPLca5vsYV2VzvxDNOdtoA==/base.apk Binary XML file line #29
04-18 20:20:19.409 18833 19515 W PackageParser: Unknown element under <manifest>: queries at /data/app/com.snetwork.app-hPLca5vsYV2VzvxDNOdtoA==/base.apk Binary XML file line #29
04-18 20:20:26.151  1296  4972 D com.android.server.pm.PackageManagerServiceInjector: FirstUseActivity packageName = com.snetwork.app is compiled using filter = bg-filter:speed-profile, success = true
04-18 20:20:33.670  1296  2423 I ActivityTaskManager: START u0 {act=android.intent.action.MAIN cat=[android.intent.category.LAUNCHER] flg=0x10000000 pkg=com.snetwork.app cmp=com.snetwork.app/.MainActivity} from uid 10156
04-18 20:20:33.772  1296  1321 D Boost   : hostingType=activity, hostingName={com.snetwork.app/com.snetwork.app.MainActivity}, callerPackage=com.miui.global.packageinstaller, isSystem=true, isBoostNeeded=false.
04-18 20:20:33.777  1296  1321 I ActivityManager: Start proc 19995:com.snetwork.app/u0a228 for activity {com.snetwork.app/com.snetwork.app.MainActivity} caller=com.miui.global.packageinstaller
04-18 20:20:33.988 19995 19995 E AndroidRuntime: Process: com.snetwork.app, PID: 19995
04-18 20:20:33.988 19995 19995 E AndroidRuntime: java.lang.RuntimeException: Unable to instantiate activity ComponentInfo{com.snetwork.app/com.snetwork.app.MainActivity}: java.lang.ClassNotFoundException: Didn't find class "com.snetwork.app.MainActivity" on path: DexPathList[[zip file "/data/app/com.snetwork.app-hPLca5vsYV2VzvxDNOdtoA==/base.apk"],nativeLibraryDirectories=[/data/app/com.snetwork.app-hPLca5vsYV2VzvxDNOdtoA==/lib/arm64, /data/app/com.snetwork.app-hPLca5vsYV2VzvxDNOdtoA==/base.apk!/lib/arm64-v8a, /system/lib64, /product/lib64]]
04-18 20:20:33.988 19995 19995 E AndroidRuntime: Caused by: java.lang.ClassNotFoundException: Didn't find class "com.snetwork.app.MainActivity" on path: DexPathList[[zip file "/data/app/com.snetwork.app-hPLca5vsYV2VzvxDNOdtoA==/base.apk"],nativeLibraryDirectories=[/data/app/com.snetwork.app-hPLca5vsYV2VzvxDNOdtoA==/lib/arm64, /data/app/com.snetwork.app-hPLca5vsYV2VzvxDNOdtoA==/base.apk!/lib/arm64-v8a, /system/lib64, /product/lib64]]
04-18 20:20:33.998  1296  1390 W ActivityTaskManager:   Force finishing activity com.snetwork.app/.MainActivity
04-18 20:20:34.077  1296  2423 V ActivityManager: Death received in com.android.server.am.ActivityManagerService$AppDeathRecipient@4c02475 for thread android.os.BinderProxy@8695c0a, mPid:19995,mApp:ProcessRecord{afb35e 19995:com.snetwork.app/u0a228}
04-18 20:20:34.081  1296  2423 I ActivityManager: Process com.snetwork.app (pid 19995) has died: vis TOP 
04-18 20:20:34.499  1296  1313 W ActivityTaskManager: Activity top resumed state loss timeout for ActivityRecord{35e2f7c u0 com.snetwork.app/.MainActivity t-1 f}
04-18 20:20:37.676  1296  3101 I ActivityTaskManager: START u0 {act=android.intent.action.MAIN cat=[android.intent.category.LAUNCHER] flg=0x10200000 cmp=com.snetwork.app/.MainActivity bnds=[823,584][1024,785] (has extras)} from uid 10089
04-18 20:20:37.713  1296  1321 D Boost   : hostingType=activity, hostingName={com.snetwork.app/com.snetwork.app.MainActivity}, callerPackage=com.miui.home, isSystem=true, isBoostNeeded=false.
04-18 20:20:37.714  1296  1321 I ActivityManager: Start proc 20050:com.snetwork.app/u0a228 for activity {com.snetwork.app/com.snetwork.app.MainActivity} caller=com.miui.home
04-18 20:20:37.822 20050 20050 E AndroidRuntime: Process: com.snetwork.app, PID: 20050
04-18 20:20:37.822 20050 20050 E AndroidRuntime: java.lang.RuntimeException: Unable to instantiate activity ComponentInfo{com.snetwork.app/com.snetwork.app.MainActivity}: java.lang.ClassNotFoundException: Didn't find class "com.snetwork.app.MainActivity" on path: DexPathList[[zip file "/data/app/com.snetwork.app-hPLca5vsYV2VzvxDNOdtoA==/base.apk"],nativeLibraryDirectories=[/data/app/com.snetwork.app-hPLca5vsYV2VzvxDNOdtoA==/lib/arm64, /data/app/com.snetwork.app-hPLca5vsYV2VzvxDNOdtoA==/base.apk!/lib/arm64-v8a, /system/lib64, /product/lib64]]
04-18 20:20:37.822 20050 20050 E AndroidRuntime: Caused by: java.lang.ClassNotFoundException: Didn't find class "com.snetwork.app.MainActivity" on path: DexPathList[[zip file "/data/app/com.snetwork.app-hPLca5vsYV2VzvxDNOdtoA==/base.apk"],nativeLibraryDirectories=[/data/app/com.snetwork.app-hPLca5vsYV2VzvxDNOdtoA==/lib/arm64, /data/app/com.snetwork.app-hPLca5vsYV2VzvxDNOdtoA==/base.apk!/lib/arm64-v8a, /system/lib64, /product/lib64]]
04-18 20:20:37.829  1296  2423 W ActivityTaskManager:   Force finishing activity com.snetwork.app/.MainActivity
04-18 20:20:37.880  1296  2463 V ActivityManager: Death received in com.android.server.am.ActivityManagerService$AppDeathRecipient@b4853c9 for thread android.os.BinderProxy@dc91ace, mPid:20050,mApp:ProcessRecord{7cc5e71 20050:com.snetwork.app/u0a228}
04-18 20:20:37.882  1296  2463 I ActivityManager: Process com.snetwork.app (pid 20050) has died: vis+99 TOP 
04-18 20:20:38.330  1296  1313 W ActivityTaskManager: Activity top resumed state loss timeout for ActivityRecord{51fce2a u0 com.snetwork.app/.MainActivity t-1 f}
04-18 20:20:42.611  1296  1308 I ActivityTaskManager: START u0 {act=android.intent.action.MAIN cat=[android.intent.category.LAUNCHER] flg=0x10200000 cmp=com.snetwork.app/.MainActivity bnds=[826,588][1027,789] (has extras)} from uid 10089
04-18 20:20:42.657  1296  1321 D Boost   : hostingType=activity, hostingName={com.snetwork.app/com.snetwork.app.MainActivity}, callerPackage=com.miui.home, isSystem=true, isBoostNeeded=false.
04-18 20:20:42.659  1296  1321 I ActivityManager: Start proc 20128:com.snetwork.app/u0a228 for activity {com.snetwork.app/com.snetwork.app.MainActivity} caller=com.miui.home
04-18 20:20:42.755 20128 20128 E AndroidRuntime: Process: com.snetwork.app, PID: 20128
04-18 20:20:42.755 20128 20128 E AndroidRuntime: java.lang.RuntimeException: Unable to instantiate activity ComponentInfo{com.snetwork.app/com.snetwork.app.MainActivity}: java.lang.ClassNotFoundException: Didn't find class "com.snetwork.app.MainActivity" on path: DexPathList[[zip file "/data/app/com.snetwork.app-hPLca5vsYV2VzvxDNOdtoA==/base.apk"],nativeLibraryDirectories=[/data/app/com.snetwork.app-hPLca5vsYV2VzvxDNOdtoA==/lib/arm64, /data/app/com.snetwork.app-hPLca5vsYV2VzvxDNOdtoA==/base.apk!/lib/arm64-v8a, /system/lib64, /product/lib64]]
04-18 20:20:42.755 20128 20128 E AndroidRuntime: Caused by: java.lang.ClassNotFoundException: Didn't find class "com.snetwork.app.MainActivity" on path: DexPathList[[zip file "/data/app/com.snetwork.app-hPLca5vsYV2VzvxDNOdtoA==/base.apk"],nativeLibraryDirectories=[/data/app/com.snetwork.app-hPLca5vsYV2VzvxDNOdtoA==/lib/arm64, /data/app/com.snetwork.app-hPLca5vsYV2VzvxDNOdtoA==/base.apk!/lib/arm64-v8a, /system/lib64, /product/lib64]]
04-18 20:20:42.762  1296  2423 W ActivityTaskManager:   Force finishing activity com.snetwork.app/.MainActivity
04-18 20:20:42.787  1296  4526 V ActivityManager: Death received in com.android.server.am.ActivityManagerService$AppDeathRecipient@2ac161c for thread android.os.BinderProxy@7aa2225, mPid:20128,mApp:ProcessRecord{60de95 20128:com.snetwork.app/u0a228}
04-18 20:20:42.790  1296  4526 I ActivityManager: Process com.snetwork.app (pid 20128) has died: vis+99 TOP 
04-18 20:20:43.263  1296  1313 W ActivityTaskManager: Activity top resumed state loss timeout for ActivityRecord{f910bbb u0 com.snetwork.app/.MainActivity t-1 f}
04-18 20:22:32.001  1296  1309 I ActivityTaskManager: START u0 {act=android.intent.action.MAIN cat=[android.intent.category.LAUNCHER] flg=0x10200000 cmp=com.snetwork.app/.MainActivity bnds=[820,474][1021,675] (has extras)} from uid 10089
04-18 20:22:32.039  1296  1321 D Boost   : hostingType=activity, hostingName={com.snetwork.app/com.snetwork.app.MainActivity}, callerPackage=com.miui.home, isSystem=true, isBoostNeeded=false.
04-18 20:22:32.040  1296  1321 I ActivityManager: Start proc 20597:com.snetwork.app/u0a228 for activity {com.snetwork.app/com.snetwork.app.MainActivity} caller=com.miui.home
04-18 20:22:32.192 20597 20597 E AndroidRuntime: Process: com.snetwork.app, PID: 20597
04-18 20:22:32.192 20597 20597 E AndroidRuntime: java.lang.RuntimeException: Unable to instantiate activity ComponentInfo{com.snetwork.app/com.snetwork.app.MainActivity}: java.lang.ClassNotFoundException: Didn't find class "com.snetwork.app.MainActivity" on path: DexPathList[[zip file "/data/app/com.snetwork.app-hPLca5vsYV2VzvxDNOdtoA==/base.apk"],nativeLibraryDirectories=[/data/app/com.snetwork.app-hPLca5vsYV2VzvxDNOdtoA==/lib/arm64, /data/app/com.snetwork.app-hPLca5vsYV2VzvxDNOdtoA==/base.apk!/lib/arm64-v8a, /system/lib64, /product/lib64]]
04-18 20:22:32.192 20597 20597 E AndroidRuntime: Caused by: java.lang.ClassNotFoundException: Didn't find class "com.snetwork.app.MainActivity" on path: DexPathList[[zip file "/data/app/com.snetwork.app-hPLca5vsYV2VzvxDNOdtoA==/base.apk"],nativeLibraryDirectories=[/data/app/com.snetwork.app-hPLca5vsYV2VzvxDNOdtoA==/lib/arm64, /data/app/com.snetwork.app-hPLca5vsYV2VzvxDNOdtoA==/base.apk!/lib/arm64-v8a, /system/lib64, /product/lib64]]
04-18 20:22:32.200  1296  3104 W ActivityTaskManager:   Force finishing activity com.snetwork.app/.MainActivity
04-18 20:22:32.250  1296  1309 V ActivityManager: Death received in com.android.server.am.ActivityManagerService$AppDeathRecipient@fcc2371 for thread android.os.BinderProxy@71db556, mPid:20597,mApp:ProcessRecord{eac2006 20597:com.snetwork.app/u0a228}
04-18 20:22:32.251  1296  1309 I ActivityManager: Process com.snetwork.app (pid 20597) has died: vis+99 TOP 
04-18 20:22:32.701  1296  1313 W ActivityTaskManager: Activity top resumed state loss timeout for ActivityRecord{1bc56a6 u0 com.snetwork.app/.MainActivity t-1 f}
04-18 20:22:33.082  1296  1309 I ActivityTaskManager: START u0 {act=android.intent.action.MAIN cat=[android.intent.category.LAUNCHER] flg=0x10200000 cmp=com.snetwork.app/.MainActivity bnds=[823,478][1024,679] (has extras)} from uid 10089
04-18 20:22:33.132  1296  1321 D Boost   : hostingType=activity, hostingName={com.snetwork.app/com.snetwork.app.MainActivity}, callerPackage=com.miui.home, isSystem=true, isBoostNeeded=false.
04-18 20:22:33.133  1296  1321 I ActivityManager: Start proc 20626:com.snetwork.app/u0a228 for activity {com.snetwork.app/com.snetwork.app.MainActivity} caller=com.miui.home
04-18 20:22:33.234 20626 20626 E AndroidRuntime: Process: com.snetwork.app, PID: 20626
04-18 20:22:33.234 20626 20626 E AndroidRuntime: java.lang.RuntimeException: Unable to instantiate activity ComponentInfo{com.snetwork.app/com.snetwork.app.MainActivity}: java.lang.ClassNotFoundException: Didn't find class "com.snetwork.app.MainActivity" on path: DexPathList[[zip file "/data/app/com.snetwork.app-hPLca5vsYV2VzvxDNOdtoA==/base.apk"],nativeLibraryDirectories=[/data/app/com.snetwork.app-hPLca5vsYV2VzvxDNOdtoA==/lib/arm64, /data/app/com.snetwork.app-hPLca5vsYV2VzvxDNOdtoA==/base.apk!/lib/arm64-v8a, /system/lib64, /product/lib64]]
04-18 20:22:33.234 20626 20626 E AndroidRuntime: Caused by: java.lang.ClassNotFoundException: Didn't find class "com.snetwork.app.MainActivity" on path: DexPathList[[zip file "/data/app/com.snetwork.app-hPLca5vsYV2VzvxDNOdtoA==/base.apk"],nativeLibraryDirectories=[/data/app/com.snetwork.app-hPLca5vsYV2VzvxDNOdtoA==/lib/arm64, /data/app/com.snetwork.app-hPLca5vsYV2VzvxDNOdtoA==/base.apk!/lib/arm64-v8a, /system/lib64, /product/lib64]]
04-18 20:22:33.240  1296  3098 W ActivityTaskManager:   Force finishing activity com.snetwork.app/.MainActivity
04-18 20:22:33.280  1296  1309 V ActivityManager: Death received in com.android.server.am.ActivityManagerService$AppDeathRecipient@fe3d245 for thread android.os.BinderProxy@46fbd9a, mPid:20626,mApp:ProcessRecord{ecd08bb 20626:com.snetwork.app/u0a228}
04-18 20:22:33.280  1296  1309 I ActivityManager: Process com.snetwork.app (pid 20626) has died: vis+99 TOP 
04-18 20:22:33.743  1296  1313 W ActivityTaskManager: Activity top resumed state loss timeout for ActivityRecord{3c296b6 u0 com.snetwork.app/.MainActivity t-1 f}
04-18 20:23:56.451  1296  4529 I ActivityTaskManager: START u0 {act=android.intent.action.MAIN cat=[android.intent.category.LAUNCHER] flg=0x10200000 cmp=com.snetwork.app/.MainActivity bnds=[822,478][1023,679] (has extras)} from uid 10089
04-18 20:23:56.499  1296  1321 D Boost   : hostingType=activity, hostingName={com.snetwork.app/com.snetwork.app.MainActivity}, callerPackage=com.miui.home, isSystem=true, isBoostNeeded=false.
04-18 20:23:56.501  1296  1321 I ActivityManager: Start proc 20958:com.snetwork.app/u0a228 for activity {com.snetwork.app/com.snetwork.app.MainActivity} caller=com.miui.home
04-18 20:23:56.660 20958 20958 E AndroidRuntime: Process: com.snetwork.app, PID: 20958
04-18 20:23:56.660 20958 20958 E AndroidRuntime: java.lang.RuntimeException: Unable to instantiate activity ComponentInfo{com.snetwork.app/com.snetwork.app.MainActivity}: java.lang.ClassNotFoundException: Didn't find class "com.snetwork.app.MainActivity" on path: DexPathList[[zip file "/data/app/com.snetwork.app-hPLca5vsYV2VzvxDNOdtoA==/base.apk"],nativeLibraryDirectories=[/data/app/com.snetwork.app-hPLca5vsYV2VzvxDNOdtoA==/lib/arm64, /data/app/com.snetwork.app-hPLca5vsYV2VzvxDNOdtoA==/base.apk!/lib/arm64-v8a, /system/lib64, /product/lib64]]
04-18 20:23:56.660 20958 20958 E AndroidRuntime: Caused by: java.lang.ClassNotFoundException: Didn't find class "com.snetwork.app.MainActivity" on path: DexPathList[[zip file "/data/app/com.snetwork.app-hPLca5vsYV2VzvxDNOdtoA==/base.apk"],nativeLibraryDirectories=[/data/app/com.snetwork.app-hPLca5vsYV2VzvxDNOdtoA==/lib/arm64, /data/app/com.snetwork.app-hPLca5vsYV2VzvxDNOdtoA==/base.apk!/lib/arm64-v8a, /system/lib64, /product/lib64]]
04-18 20:23:56.667  1296  2462 W ActivityTaskManager:   Force finishing activity com.snetwork.app/.MainActivity
04-18 20:23:56.693  1296  2462 V ActivityManager: Death received in com.android.server.am.ActivityManagerService$AppDeathRecipient@f52ace8 for thread android.os.BinderProxy@a527f01, mPid:20958,mApp:ProcessRecord{3f82a71 20958:com.snetwork.app/u0a228}
04-18 20:23:56.693  1296  2462 I ActivityManager: Process com.snetwork.app (pid 20958) has died: vis+99 TOP 
04-18 20:23:57.168  1296  1313 W ActivityTaskManager: Activity top resumed state loss timeout for ActivityRecord{39e65b8 u0 com.snetwork.app/.MainActivity t-1 f}
04-18 20:24:17.841  1296  4526 I ActivityTaskManager: START u0 {act=android.intent.action.MAIN cat=[android.intent.category.LAUNCHER] flg=0x10200000 cmp=com.snetwork.app/.MainActivity bnds=[823,479][1024,680] (has extras)} from uid 10089
04-18 20:24:17.890  1296  1321 D Boost   : hostingType=activity, hostingName={com.snetwork.app/com.snetwork.app.MainActivity}, callerPackage=com.miui.home, isSystem=true, isBoostNeeded=false.
04-18 20:24:17.891  1296  1321 I ActivityManager: Start proc 20995:com.snetwork.app/u0a228 for activity {com.snetwork.app/com.snetwork.app.MainActivity} caller=com.miui.home
04-18 20:24:17.991 20995 20995 E AndroidRuntime: Process: com.snetwork.app, PID: 20995
04-18 20:24:17.991 20995 20995 E AndroidRuntime: java.lang.RuntimeException: Unable to instantiate activity ComponentInfo{com.snetwork.app/com.snetwork.app.MainActivity}: java.lang.ClassNotFoundException: Didn't find class "com.snetwork.app.MainActivity" on path: DexPathList[[zip file "/data/app/com.snetwork.app-hPLca5vsYV2VzvxDNOdtoA==/base.apk"],nativeLibraryDirectories=[/data/app/com.snetwork.app-hPLca5vsYV2VzvxDNOdtoA==/lib/arm64, /data/app/com.snetwork.app-hPLca5vsYV2VzvxDNOdtoA==/base.apk!/lib/arm64-v8a, /system/lib64, /product/lib64]]
04-18 20:24:17.991 20995 20995 E AndroidRuntime: Caused by: java.lang.ClassNotFoundException: Didn't find class "com.snetwork.app.MainActivity" on path: DexPathList[[zip file "/data/app/com.snetwork.app-hPLca5vsYV2VzvxDNOdtoA==/base.apk"],nativeLibraryDirectories=[/data/app/com.snetwork.app-hPLca5vsYV2VzvxDNOdtoA==/lib/arm64, /data/app/com.snetwork.app-hPLca5vsYV2VzvxDNOdtoA==/base.apk!/lib/arm64-v8a, /system/lib64, /product/lib64]]
04-18 20:24:18.000  1296  4526 W ActivityTaskManager:   Force finishing activity com.snetwork.app/.MainActivity
04-18 20:24:18.038  1296  4529 V ActivityManager: Death received in com.android.server.am.ActivityManagerService$AppDeathRecipient@cbd11b6 for thread android.os.BinderProxy@aa2eb7, mPid:20995,mApp:ProcessRecord{e850f2 20995:com.snetwork.app/u0a228}
04-18 20:24:18.040  1296  4529 I ActivityManager: Process com.snetwork.app (pid 20995) has died: vis+99 TOP 
04-18 20:24:18.501  1296  1313 W ActivityTaskManager: Activity top resumed state loss timeout for ActivityRecord{cbb7763 u0 com.snetwork.app/.MainActivity t-1 f}
04-18 20:24:19.528  1296  4529 I ActivityTaskManager: START u0 {act=android.intent.action.MAIN cat=[android.intent.category.LAUNCHER] flg=0x10200000 cmp=com.snetwork.app/.MainActivity bnds=[823,479][1024,680] (has extras)} from uid 10089
04-18 20:24:19.572  1296  1321 D Boost   : hostingType=activity, hostingName={com.snetwork.app/com.snetwork.app.MainActivity}, callerPackage=com.miui.home, isSystem=true, isBoostNeeded=false.
04-18 20:24:19.573  1296  1321 I ActivityManager: Start proc 21024:com.snetwork.app/u0a228 for activity {com.snetwork.app/com.snetwork.app.MainActivity} caller=com.miui.home
04-18 20:24:19.675 21024 21024 E AndroidRuntime: Process: com.snetwork.app, PID: 21024
04-18 20:24:19.675 21024 21024 E AndroidRuntime: java.lang.RuntimeException: Unable to instantiate activity ComponentInfo{com.snetwork.app/com.snetwork.app.MainActivity}: java.lang.ClassNotFoundException: Didn't find class "com.snetwork.app.MainActivity" on path: DexPathList[[zip file "/data/app/com.snetwork.app-hPLca5vsYV2VzvxDNOdtoA==/base.apk"],nativeLibraryDirectories=[/data/app/com.snetwork.app-hPLca5vsYV2VzvxDNOdtoA==/lib/arm64, /data/app/com.snetwork.app-hPLca5vsYV2VzvxDNOdtoA==/base.apk!/lib/arm64-v8a, /system/lib64, /product/lib64]]
04-18 20:24:19.675 21024 21024 E AndroidRuntime: Caused by: java.lang.ClassNotFoundException: Didn't find class "com.snetwork.app.MainActivity" on path: DexPathList[[zip file "/data/app/com.snetwork.app-hPLca5vsYV2VzvxDNOdtoA==/base.apk"],nativeLibraryDirectories=[/data/app/com.snetwork.app-hPLca5vsYV2VzvxDNOdtoA==/lib/arm64, /data/app/com.snetwork.app-hPLca5vsYV2VzvxDNOdtoA==/base.apk!/lib/arm64-v8a, /system/lib64, /product/lib64]]
04-18 20:24:19.682  1296  2462 W ActivityTaskManager:   Force finishing activity com.snetwork.app/.MainActivity
04-18 20:24:19.724  1296  4526 V ActivityManager: Death received in com.android.server.am.ActivityManagerService$AppDeathRecipient@e287a1 for thread android.os.BinderProxy@d4cfdc6, mPid:21024,mApp:ProcessRecord{74646e4 21024:com.snetwork.app/u0a228}
04-18 20:24:19.725  1296  4526 I ActivityManager: Process com.snetwork.app (pid 21024) has died: vis+99 TOP 
04-18 20:24:20.184  1296  1313 W ActivityTaskManager: Activity top resumed state loss timeout for ActivityRecord{4d2daa2 u0 com.snetwork.app/.MainActivity t-1 f}
04-18 20:24:30.537  1296  4529 I ActivityTaskManager: START u0 {act=android.intent.action.MAIN cat=[android.intent.category.LAUNCHER] flg=0x10200000 cmp=com.snetwork.app/.MainActivity bnds=[822,478][1023,679] (has extras)} from uid 10089
04-18 20:24:30.596  1296  1321 D Boost   : hostingType=activity, hostingName={com.snetwork.app/com.snetwork.app.MainActivity}, callerPackage=com.miui.home, isSystem=true, isBoostNeeded=false.
04-18 20:24:30.597  1296  1321 I ActivityManager: Start proc 21059:com.snetwork.app/u0a228 for activity {com.snetwork.app/com.snetwork.app.MainActivity} caller=com.miui.home
04-18 20:24:30.699 21059 21059 E AndroidRuntime: Process: com.snetwork.app, PID: 21059
04-18 20:24:30.699 21059 21059 E AndroidRuntime: java.lang.RuntimeException: Unable to instantiate activity ComponentInfo{com.snetwork.app/com.snetwork.app.MainActivity}: java.lang.ClassNotFoundException: Didn't find class "com.snetwork.app.MainActivity" on path: DexPathList[[zip file "/data/app/com.snetwork.app-hPLca5vsYV2VzvxDNOdtoA==/base.apk"],nativeLibraryDirectories=[/data/app/com.snetwork.app-hPLca5vsYV2VzvxDNOdtoA==/lib/arm64, /data/app/com.snetwork.app-hPLca5vsYV2VzvxDNOdtoA==/base.apk!/lib/arm64-v8a, /system/lib64, /product/lib64]]
04-18 20:24:30.699 21059 21059 E AndroidRuntime: Caused by: java.lang.ClassNotFoundException: Didn't find class "com.snetwork.app.MainActivity" on path: DexPathList[[zip file "/data/app/com.snetwork.app-hPLca5vsYV2VzvxDNOdtoA==/base.apk"],nativeLibraryDirectories=[/data/app/com.snetwork.app-hPLca5vsYV2VzvxDNOdtoA==/lib/arm64, /data/app/com.snetwork.app-hPLca5vsYV2VzvxDNOdtoA==/base.apk!/lib/arm64-v8a, /system/lib64, /product/lib64]]
04-18 20:24:30.706  1296  3101 W ActivityTaskManager:   Force finishing activity com.snetwork.app/.MainActivity
04-18 20:24:30.730  1296  4526 V ActivityManager: Death received in com.android.server.am.ActivityManagerService$AppDeathRecipient@19211d4 for thread android.os.BinderProxy@a985f7d, mPid:21059,mApp:ProcessRecord{533d822 21059:com.snetwork.app/u0a228}
04-18 20:24:30.733  1296  4526 I ActivityManager: Process com.snetwork.app (pid 21059) has died: vis+99 TOP 
04-18 20:24:31.208  1296  1313 W ActivityTaskManager: Activity top resumed state loss timeout for ActivityRecord{f43370e u0 com.snetwork.app/.MainActivity t-1 f}
04-18 20:24:34.282  1296  3104 I ActivityTaskManager: START u0 {act=android.intent.action.MAIN cat=[android.intent.category.LAUNCHER] flg=0x10200000 cmp=com.snetwork.app/.MainActivity bnds=[822,476][1023,677] (has extras)} from uid 10089
04-18 20:24:34.340  1296  1321 D Boost   : hostingType=activity, hostingName={com.snetwork.app/com.snetwork.app.MainActivity}, callerPackage=com.miui.home, isSystem=true, isBoostNeeded=false.
04-18 20:24:34.341  1296  1321 I ActivityManager: Start proc 21086:com.snetwork.app/u0a228 for activity {com.snetwork.app/com.snetwork.app.MainActivity} caller=com.miui.home
04-18 20:24:34.440 21086 21086 E AndroidRuntime: Process: com.snetwork.app, PID: 21086
04-18 20:24:34.440 21086 21086 E AndroidRuntime: java.lang.RuntimeException: Unable to instantiate activity ComponentInfo{com.snetwork.app/com.snetwork.app.MainActivity}: java.lang.ClassNotFoundException: Didn't find class "com.snetwork.app.MainActivity" on path: DexPathList[[zip file "/data/app/com.snetwork.app-hPLca5vsYV2VzvxDNOdtoA==/base.apk"],nativeLibraryDirectories=[/data/app/com.snetwork.app-hPLca5vsYV2VzvxDNOdtoA==/lib/arm64, /data/app/com.snetwork.app-hPLca5vsYV2VzvxDNOdtoA==/base.apk!/lib/arm64-v8a, /system/lib64, /product/lib64]]
04-18 20:24:34.440 21086 21086 E AndroidRuntime: Caused by: java.lang.ClassNotFoundException: Didn't find class "com.snetwork.app.MainActivity" on path: DexPathList[[zip file "/data/app/com.snetwork.app-hPLca5vsYV2VzvxDNOdtoA==/base.apk"],nativeLibraryDirectories=[/data/app/com.snetwork.app-hPLca5vsYV2VzvxDNOdtoA==/lib/arm64, /data/app/com.snetwork.app-hPLca5vsYV2VzvxDNOdtoA==/base.apk!/lib/arm64-v8a, /system/lib64, /product/lib64]]
04-18 20:24:34.448  1296  4532 W ActivityTaskManager:   Force finishing activity com.snetwork.app/.MainActivity
04-18 20:24:34.483  1296  1657 V ActivityManager: Death received in com.android.server.am.ActivityManagerService$AppDeathRecipient@a8ba1f7 for thread android.os.BinderProxy@4d76864, mPid:21086,mApp:ProcessRecord{c17b294 21086:com.snetwork.app/u0a228}
04-18 20:24:34.484  1296  1657 I ActivityManager: Process com.snetwork.app (pid 21086) has died: vis+99 TOP 
04-18 20:24:34.949  1296  1313 W ActivityTaskManager: Activity top resumed state loss timeout for ActivityRecord{a2095a0 u0 com.snetwork.app/.MainActivity t-1 f}
04-18 20:31:47.023  1296  1320 I ActivityManager: Force stopping com.snetwork.app appid=10228 user=0: deletePackageX
04-18 20:31:47.025  1296  1320 I AutoStartManagerService: MIUILOG- Reject RestartService packageName :com.snetwork.app uid : 10228
04-18 20:31:47.036  1296  1336 D PackageManager: updatePermissions, packageName: com.snetwork.app, pkg: null, replaceGrant: false
04-18 20:31:47.036  1296  1336 I PackageManager: Removing old permission tree: com.snetwork.app.DYNAMIC_RECEIVER_NOT_EXPORTED_PERMISSION from package com.snetwork.app
04-18 20:31:47.794  1296  1336 I ActivityManager: Force stopping com.snetwork.app appid=10228 user=0: pkg removed
04-18 20:31:47.794  1296  1336 I AutoStartManagerService: MIUILOG- Reject RestartService packageName :com.snetwork.app uid : 10228
04-18 20:31:47.825  1296  1320 W BroadcastQueue: Background execution not allowed: receiving Intent { act=android.intent.action.PACKAGE_REMOVED dat=package:com.snetwork.app flg=0x4000010 (has extras) } to com.lbe.security.miui/com.lbe.security.service.BootReceiver
04-18 20:31:47.825  1296  1320 W BroadcastQueue: Background execution not allowed: receiving Intent { act=android.intent.action.PACKAGE_REMOVED dat=package:com.snetwork.app flg=0x4000010 (has extras) } to com.android.settings/.search.provider.UpdateReceiver
04-18 20:31:47.825  1296  1320 W BroadcastQueue: Background execution not allowed: receiving Intent { act=android.intent.action.PACKAGE_REMOVED dat=package:com.snetwork.app flg=0x4000010 (has extras) } to com.android.vending/com.google.android.finsky.packagemonitor.impl.PackageMonitorReceiverImpl$RegisteredReceiver
04-18 20:31:47.827  1296  1320 W BroadcastQueue: Background execution not allowed: receiving Intent { act=android.intent.action.PACKAGE_REMOVED dat=package:com.snetwork.app flg=0x4000010 (has extras) } to com.android.vending/com.google.android.finsky.packagemonitor.backgroundimpl.BackgroundPackageMonitorReceiverImpl$RegisteredReceiver
04-18 20:31:47.827  1296  1320 W BroadcastQueue: Background execution not allowed: receiving Intent { act=android.intent.action.PACKAGE_REMOVED dat=package:com.snetwork.app flg=0x4000010 (has extras) } to com.facebook.services/com.facebook.oxygen.services.fbns.RegisteredMqttSystemBroadcastReceiver
04-18 20:31:47.830  1296  1320 W BroadcastQueue: Background execution not allowed: receiving Intent { act=android.intent.action.PACKAGE_REMOVED dat=package:com.snetwork.app flg=0x4000010 (has extras) } to com.google.android.apps.maps/com.google.android.libraries.social.peoplekit.thirdparty.viewcontrollers.ThirdPartyReceiver
04-18 20:31:47.831  1296  1336 I ActivityManager: Force stopping com.snetwork.app appid=10228 user=0: pkg removed
04-18 20:31:47.891  1296  1336 E AppOps  : java.lang.SecurityException: Specified package com.snetwork.app under uid 10228 but it is really -1
04-18 20:31:47.891  1296  1336 I AutoStartManagerService: MIUILOG- Reject RestartService packageName :com.snetwork.app uid : 10228
04-18 20:31:47.901  1296  1320 W BroadcastQueue: Background execution not allowed: receiving Intent { act=android.intent.action.PACKAGE_REMOVED dat=package:com.snetwork.app flg=0x4000010 (has extras) } to com.google.android.gms/.chimera.GmsIntentOperationService$PersistentTrustedReceiver
04-18 20:31:47.908  1296  1320 W BroadcastQueue: Background execution not allowed: receiving Intent { act=android.intent.action.PACKAGE_REMOVED dat=package:com.snetwork.app flg=0x4000010 (has extras) } to com.miui.audioeffect/com.android.musicfx.Compatibility$Receiver
04-18 20:31:47.913  1296  1320 W BroadcastQueue: Background execution not allowed: receiving Intent { act=android.intent.action.PACKAGE_REMOVED dat=package:com.snetwork.app flg=0x4000010 (has extras) } to com.xiaomi.discover/com.xiaomi.market.data.MyPackageMonitor
04-18 20:31:47.914  1296  1320 W BroadcastQueue: Background execution not allowed: receiving Intent { act=android.intent.action.PACKAGE_REMOVED dat=package:com.snetwork.app flg=0x4000010 (has extras) } to com.xiaomi.mipicks/com.xiaomi.market.data.MyPackageMonitor
04-18 20:31:47.914  1296  1320 W BroadcastQueue: Background execution not allowed: receiving Intent { act=android.intent.action.PACKAGE_REMOVED dat=package:com.snetwork.app flg=0x4000010 (has extras) } to com.xiaomi.misettings/.usagestats.AppTimerReceiver
04-18 20:31:47.916  1296  1320 W BroadcastQueue: Background execution not allowed: receiving Intent { act=android.intent.action.PACKAGE_REMOVED dat=package:com.snetwork.app flg=0x4000010 (has extras) } to com.google.android.apps.photos/com.google.android.libraries.social.peoplekit.thirdparty.viewcontrollers.ThirdPartyReceiver
04-18 20:31:47.916  1296  1320 W BroadcastQueue: Background execution not allowed: receiving Intent { act=android.intent.action.PACKAGE_REMOVED dat=package:com.snetwork.app flg=0x4000010 (has extras) } to com.google.android.videos/com.google.android.libraries.social.peoplekit.thirdparty.viewcontrollers.ThirdPartyReceiver
04-18 20:31:47.917  1296  1320 W BroadcastQueue: Background execution not allowed: receiving Intent { act=android.intent.action.PACKAGE_REMOVED dat=package:com.snetwork.app flg=0x4000010 (has extras) } to com.jio.myjio/com.inn.passivesdk.receiver.PackageReceiver
04-18 20:31:49.537  1296  1320 W XSpaceManagerService: update XSpace App: packageName:com.snetwork.app, user:UserHandle{0}, action:android.intent.action.PACKAGE_REMOVED
04-18 20:31:49.639  1296  1296 I ConditionProviders: Disallowing condition provider com.snetwork.app
04-18 20:31:57.871  1296  1926 W BroadcastQueueInjector: Unable to launch app com.google.android.videos/10207 for broadcast Intent { act=android.intent.action.PACKAGE_FULLY_REMOVED dat=package:com.snetwork.app flg=0x5000010 (has extras) }: process is not permitted to  auto start
04-18 20:31:57.876  1296  1320 W BroadcastQueueInjector: Unable to launch app com.jio.myjio/10221 for broadcast Intent { act=android.intent.action.PACKAGE_FULLY_REMOVED dat=package:com.snetwork.app flg=0x5000010 (has extras) }: process is not permitted to  auto start
04-18 20:36:03.805  1296  1336 D PackageManager: updatePermissions, packageName: com.snetwork.app, pkg: Package{ba59e45 com.snetwork.app}, replaceGrant: true
04-18 20:36:07.164  1296  1336 V BackupManagerService: restoreAtInstall pkg=com.snetwork.app token=28 restoreSet=0
04-18 20:36:07.167  1296  1336 I InstallationStatistic: com.snetwork.app|com.google.android.packageinstaller|158587|475|85|183|154288|3001
04-18 20:36:07.167  1296  1336 D PackageManager: setWhitelistedRestrictedPermissions, pkg: Package{ba59e45 com.snetwork.app}, callingUid: 1000, whitelistFlags: 2
04-18 20:36:07.265  1296  1458 I MiuiCompatModePackages: package com.snetwork.app updated, removing config
04-18 20:36:07.280  1296  1320 W BroadcastQueue: Background execution not allowed: receiving Intent { act=android.intent.action.PACKAGE_ADDED dat=package:com.snetwork.app flg=0x4000010 (has extras) } to com.lbe.security.miui/com.lbe.security.service.BootReceiver
04-18 20:36:07.281  1296  1320 W BroadcastQueue: Background execution not allowed: receiving Intent { act=android.intent.action.PACKAGE_ADDED dat=package:com.snetwork.app flg=0x4000010 (has extras) } to com.google.android.packageinstaller/com.android.packageinstaller.PackageInstalledReceiver
04-18 20:36:07.299  1296  1320 W BroadcastQueue: Background execution not allowed: receiving Intent { act=android.intent.action.PACKAGE_ADDED dat=package:com.snetwork.app flg=0x4000010 (has extras) } to com.android.settings/.search.provider.UpdateReceiver
04-18 20:36:07.301  1296  1320 W BroadcastQueue: Background execution not allowed: receiving Intent { act=android.intent.action.PACKAGE_ADDED dat=package:com.snetwork.app flg=0x4000010 (has extras) } to com.android.vending/com.google.android.finsky.packagemonitor.impl.PackageMonitorReceiverImpl$RegisteredReceiver
04-18 20:36:07.302  1296  1320 W BroadcastQueue: Background execution not allowed: receiving Intent { act=android.intent.action.PACKAGE_ADDED dat=package:com.snetwork.app flg=0x4000010 (has extras) } to com.android.vending/com.google.android.finsky.packagemonitor.backgroundimpl.BackgroundPackageMonitorReceiverImpl$RegisteredReceiver
04-18 20:36:07.303  1296  1320 W BroadcastQueue: Background execution not allowed: receiving Intent { act=android.intent.action.PACKAGE_ADDED dat=package:com.snetwork.app flg=0x4000010 (has extras) } to com.facebook.appmanager/com.facebook.oxygen.common.packages.event.manifest.ManifestPackageEventReceiver
04-18 20:36:07.304  1296  1320 W BroadcastQueue: Background execution not allowed: receiving Intent { act=android.intent.action.PACKAGE_ADDED dat=package:com.snetwork.app flg=0x4000010 (has extras) } to com.google.android.gms/.gass.chimera.PackageChangeBroadcastReceiver
04-18 20:36:07.304  1296  1320 W BroadcastQueue: Background execution not allowed: receiving Intent { act=android.intent.action.PACKAGE_ADDED dat=package:com.snetwork.app flg=0x4000010 (has extras) } to com.google.android.gms/.chimera.GmsIntentOperationService$PersistentTrustedReceiver
04-18 20:36:07.304  1296  1320 W BroadcastQueue: Background execution not allowed: receiving Intent { act=android.intent.action.PACKAGE_ADDED dat=package:com.snetwork.app flg=0x4000010 (has extras) } to com.miui.audioeffect/com.android.musicfx.Compatibility$Receiver
04-18 20:36:07.305  1296  1320 W BroadcastQueue: Background execution not allowed: receiving Intent { act=android.intent.action.PACKAGE_ADDED dat=package:com.snetwork.app flg=0x4000010 (has extras) } to com.xiaomi.discover/com.xiaomi.market.data.MyPackageMonitor
04-18 20:36:07.305  1296  1320 W BroadcastQueue: Background execution not allowed: receiving Intent { act=android.intent.action.PACKAGE_ADDED dat=package:com.snetwork.app flg=0x4000010 (has extras) } to com.xiaomi.mipicks/com.xiaomi.market.data.MyPackageMonitor
04-18 20:36:07.306  1296  1320 W BroadcastQueue: Background execution not allowed: receiving Intent { act=android.intent.action.PACKAGE_ADDED dat=package:com.snetwork.app flg=0x4000010 (has extras) } to com.xiaomi.misettings/.usagestats.AppTimerReceiver
04-18 20:36:07.307  1296  1320 W BroadcastQueue: Background execution not allowed: receiving Intent { act=android.intent.action.PACKAGE_ADDED dat=package:com.snetwork.app flg=0x4000010 (has extras) } to com.facebook.katana/com.facebook.feed.platformads.AppInstallReceiver
04-18 20:36:07.308  1296  1320 W BroadcastQueue: Background execution not allowed: receiving Intent { act=android.intent.action.PACKAGE_ADDED dat=package:com.snetwork.app flg=0x4000010 (has extras) } to com.jio.myjio/com.inn.passivesdk.receiver.PackageReceiver
04-18 20:36:09.824  1296  1320 W XSpaceManagerService: update XSpace App: packageName:com.snetwork.app, user:UserHandle{0}, action:android.intent.action.PACKAGE_ADDED
04-18 20:36:10.533 23165 24329 W PackageParser: Unknown element under <manifest>: queries at /data/app/com.snetwork.app-7e_T7WKwXkup_mUKEWN-qw==/base.apk Binary XML file line #29
04-18 20:36:10.552 23165 24329 W PackageParser: Unknown element under <manifest>: queries at /data/app/com.snetwork.app-7e_T7WKwXkup_mUKEWN-qw==/base.apk Binary XML file line #29
04-18 20:36:10.929 23165 24329 W PackageParser: Unknown element under <manifest>: queries at /data/app/com.snetwork.app-7e_T7WKwXkup_mUKEWN-qw==/base.apk Binary XML file line #29
04-18 20:36:10.941 23165 24329 W PackageParser: Unknown element under <manifest>: queries at /data/app/com.snetwork.app-7e_T7WKwXkup_mUKEWN-qw==/base.apk Binary XML file line #29
04-18 20:36:18.733  1296  4527 I ActivityTaskManager: START u0 {act=android.intent.action.MAIN cat=[android.intent.category.LAUNCHER] flg=0x10000000 pkg=com.snetwork.app cmp=com.snetwork.app/.MainActivity} from uid 10156
04-18 20:36:18.836  1296  1321 D Boost   : hostingType=activity, hostingName={com.snetwork.app/com.snetwork.app.MainActivity}, callerPackage=com.miui.global.packageinstaller, isSystem=true, isBoostNeeded=false.
04-18 20:36:18.849  1296  1321 I ActivityManager: Start proc 24371:com.snetwork.app/u0a229 for activity {com.snetwork.app/com.snetwork.app.MainActivity} caller=com.miui.global.packageinstaller
04-18 20:36:19.285 24371 24371 E AndroidRuntime: Process: com.snetwork.app, PID: 24371
04-18 20:36:19.285 24371 24371 E AndroidRuntime: java.lang.RuntimeException: Unable to instantiate activity ComponentInfo{com.snetwork.app/com.snetwork.app.MainActivity}: java.lang.ClassNotFoundException: Didn't find class "com.snetwork.app.MainActivity" on path: DexPathList[[zip file "/data/app/com.snetwork.app-7e_T7WKwXkup_mUKEWN-qw==/base.apk"],nativeLibraryDirectories=[/data/app/com.snetwork.app-7e_T7WKwXkup_mUKEWN-qw==/lib/arm64, /data/app/com.snetwork.app-7e_T7WKwXkup_mUKEWN-qw==/base.apk!/lib/arm64-v8a, /system/lib64, /product/lib64]]
04-18 20:36:19.285 24371 24371 E AndroidRuntime: Caused by: java.lang.ClassNotFoundException: Didn't find class "com.snetwork.app.MainActivity" on path: DexPathList[[zip file "/data/app/com.snetwork.app-7e_T7WKwXkup_mUKEWN-qw==/base.apk"],nativeLibraryDirectories=[/data/app/com.snetwork.app-7e_T7WKwXkup_mUKEWN-qw==/lib/arm64, /data/app/com.snetwork.app-7e_T7WKwXkup_mUKEWN-qw==/base.apk!/lib/arm64-v8a, /system/lib64, /product/lib64]]
04-18 20:36:19.304  1296  4527 W ActivityTaskManager:   Force finishing activity com.snetwork.app/.MainActivity
04-18 20:36:19.336  1296  1927 V ActivityManager: Death received in com.android.server.am.ActivityManagerService$AppDeathRecipient@9cdfbfe for thread android.os.BinderProxy@3efdf5f, mPid:24371,mApp:ProcessRecord{cf69dc 24371:com.snetwork.app/u0a229}
04-18 20:36:19.338  1296  1927 I ActivityManager: Process com.snetwork.app (pid 24371) has died: vis TOP 
04-18 20:36:19.805  1296  1313 W ActivityTaskManager: Activity top resumed state loss timeout for ActivityRecord{297c0ab u0 com.snetwork.app/.MainActivity t-1 f}
04-18 20:36:22.049 19727 19767 W PackageParser: Unknown element under <manifest>: queries at /data/app/com.snetwork.app-7e_T7WKwXkup_mUKEWN-qw==/base.apk Binary XML file line #29
04-18 20:36:24.630  1296  4527 I ActivityTaskManager: START u0 {act=android.intent.action.MAIN cat=[android.intent.category.LAUNCHER] flg=0x10200000 cmp=com.snetwork.app/.MainActivity bnds=[822,584][1023,785] (has extras)} from uid 10089
04-18 20:36:24.675  1296  1321 D Boost   : hostingType=activity, hostingName={com.snetwork.app/com.snetwork.app.MainActivity}, callerPackage=com.miui.home, isSystem=true, isBoostNeeded=false.
04-18 20:36:24.676  1296  1321 I ActivityManager: Start proc 24612:com.snetwork.app/u0a229 for activity {com.snetwork.app/com.snetwork.app.MainActivity} caller=com.miui.home
04-18 20:36:24.876 24612 24612 E AndroidRuntime: Process: com.snetwork.app, PID: 24612
04-18 20:36:24.876 24612 24612 E AndroidRuntime: java.lang.RuntimeException: Unable to instantiate activity ComponentInfo{com.snetwork.app/com.snetwork.app.MainActivity}: java.lang.ClassNotFoundException: Didn't find class "com.snetwork.app.MainActivity" on path: DexPathList[[zip file "/data/app/com.snetwork.app-7e_T7WKwXkup_mUKEWN-qw==/base.apk"],nativeLibraryDirectories=[/data/app/com.snetwork.app-7e_T7WKwXkup_mUKEWN-qw==/lib/arm64, /data/app/com.snetwork.app-7e_T7WKwXkup_mUKEWN-qw==/base.apk!/lib/arm64-v8a, /system/lib64, /product/lib64]]
04-18 20:36:24.876 24612 24612 E AndroidRuntime: Caused by: java.lang.ClassNotFoundException: Didn't find class "com.snetwork.app.MainActivity" on path: DexPathList[[zip file "/data/app/com.snetwork.app-7e_T7WKwXkup_mUKEWN-qw==/base.apk"],nativeLibraryDirectories=[/data/app/com.snetwork.app-7e_T7WKwXkup_mUKEWN-qw==/lib/arm64, /data/app/com.snetwork.app-7e_T7WKwXkup_mUKEWN-qw==/base.apk!/lib/arm64-v8a, /system/lib64, /product/lib64]]
04-18 20:36:24.885  1296  4528 W ActivityTaskManager:   Force finishing activity com.snetwork.app/.MainActivity
04-18 20:36:24.936  1296  3104 V ActivityManager: Death received in com.android.server.am.ActivityManagerService$AppDeathRecipient@a6323a3 for thread android.os.BinderProxy@42406a0, mPid:24612,mApp:ProcessRecord{924f3c9 24612:com.snetwork.app/u0a229}
04-18 20:36:24.936  1296  3104 I ActivityManager: Process com.snetwork.app (pid 24612) has died: vis+99 TOP 
04-18 20:36:25.387  1296  1313 W ActivityTaskManager: Activity top resumed state loss timeout for ActivityRecord{7af249c u0 com.snetwork.app/.MainActivity t-1 f}
04-18 20:36:25.627  1296  3082 I ActivityTaskManager: START u0 {act=android.intent.action.MAIN cat=[android.intent.category.LAUNCHER] flg=0x10200000 cmp=com.snetwork.app/.MainActivity bnds=[823,585][1024,786] (has extras)} from uid 10089
04-18 20:36:25.676  1296  1321 D Boost   : hostingType=activity, hostingName={com.snetwork.app/com.snetwork.app.MainActivity}, callerPackage=com.miui.home, isSystem=true, isBoostNeeded=false.
04-18 20:36:25.677  1296  1321 I ActivityManager: Start proc 24640:com.snetwork.app/u0a229 for activity {com.snetwork.app/com.snetwork.app.MainActivity} caller=com.miui.home
04-18 20:36:25.806 24640 24640 E AndroidRuntime: Process: com.snetwork.app, PID: 24640
04-18 20:36:25.806 24640 24640 E AndroidRuntime: java.lang.RuntimeException: Unable to instantiate activity ComponentInfo{com.snetwork.app/com.snetwork.app.MainActivity}: java.lang.ClassNotFoundException: Didn't find class "com.snetwork.app.MainActivity" on path: DexPathList[[zip file "/data/app/com.snetwork.app-7e_T7WKwXkup_mUKEWN-qw==/base.apk"],nativeLibraryDirectories=[/data/app/com.snetwork.app-7e_T7WKwXkup_mUKEWN-qw==/lib/arm64, /data/app/com.snetwork.app-7e_T7WKwXkup_mUKEWN-qw==/base.apk!/lib/arm64-v8a, /system/lib64, /product/lib64]]
04-18 20:36:25.806 24640 24640 E AndroidRuntime: Caused by: java.lang.ClassNotFoundException: Didn't find class "com.snetwork.app.MainActivity" on path: DexPathList[[zip file "/data/app/com.snetwork.app-7e_T7WKwXkup_mUKEWN-qw==/base.apk"],nativeLibraryDirectories=[/data/app/com.snetwork.app-7e_T7WKwXkup_mUKEWN-qw==/lib/arm64, /data/app/com.snetwork.app-7e_T7WKwXkup_mUKEWN-qw==/base.apk!/lib/arm64-v8a, /system/lib64, /product/lib64]]
04-18 20:36:25.818  1296  3104 W ActivityTaskManager:   Force finishing activity com.snetwork.app/.MainActivity
04-18 20:36:25.863  1296  3104 V ActivityManager: Death received in com.android.server.am.ActivityManagerService$AppDeathRecipient@b9a10ad for thread android.os.BinderProxy@47bffe2, mPid:24640,mApp:ProcessRecord{e82592 24640:com.snetwork.app/u0a229}
04-18 20:36:25.864  1296  3104 I ActivityManager: Process com.snetwork.app (pid 24640) has died: vis+99 TOP 
04-18 20:36:26.319  1296  1313 W ActivityTaskManager: Activity top resumed state loss timeout for ActivityRecord{80ff37e u0 com.snetwork.app/.MainActivity t-1 f}
