04-18 20:36:26.357  1296  4529 I ActivityTaskManager: START u0 {act=android.intent.action.MAIN cat=[android.intent.category.LAUNCHER] flg=0x10200000 cmp=com.snetwork.app/.MainActivity bnds=[823,584][1024,785] (has extras)} from uid 10089
04-18 20:36:26.406  1296  1321 D Boost   : hostingType=activity, hostingName={com.snetwork.app/com.snetwork.app.MainActivity}, callerPackage=com.miui.home, isSystem=true, isBoostNeeded=false.
04-18 20:36:26.407  1296  1321 I ActivityManager: Start proc 24672:com.snetwork.app/u0a229 for activity {com.snetwork.app/com.snetwork.app.MainActivity} caller=com.miui.home
04-18 20:36:26.517 24672 24672 E AndroidRuntime: Process: com.snetwork.app, PID: 24672
04-18 20:36:26.517 24672 24672 E AndroidRuntime: java.lang.RuntimeException: Unable to instantiate activity ComponentInfo{com.snetwork.app/com.snetwork.app.MainActivity}: java.lang.ClassNotFoundException: Didn't find class "com.snetwork.app.MainActivity" on path: DexPathList[[zip file "/data/app/com.snetwork.app-7e_T7WKwXkup_mUKEWN-qw==/base.apk"],nativeLibraryDirectories=[/data/app/com.snetwork.app-7e_T7WKwXkup_mUKEWN-qw==/lib/arm64, /data/app/com.snetwork.app-7e_T7WKwXkup_mUKEWN-qw==/base.apk!/lib/arm64-v8a, /system/lib64, /product/lib64]]
04-18 20:36:26.517 24672 24672 E AndroidRuntime: Caused by: java.lang.ClassNotFoundException: Didn't find class "com.snetwork.app.MainActivity" on path: DexPathList[[zip file "/data/app/com.snetwork.app-7e_T7WKwXkup_mUKEWN-qw==/base.apk"],nativeLibraryDirectories=[/data/app/com.snetwork.app-7e_T7WKwXkup_mUKEWN-qw==/lib/arm64, /data/app/com.snetwork.app-7e_T7WKwXkup_mUKEWN-qw==/base.apk!/lib/arm64-v8a, /system/lib64, /product/lib64]]
04-18 20:36:26.526  1296  4529 W ActivityTaskManager:   Force finishing activity com.snetwork.app/.MainActivity
04-18 20:36:26.558  1296  2463 V ActivityManager: Death received in com.android.server.am.ActivityManagerService$AppDeathRecipient@a0368c1 for thread android.os.BinderProxy@3a49866, mPid:24672,mApp:ProcessRecord{1970431 24672:com.snetwork.app/u0a229}
04-18 20:36:26.560  1296  2463 I ActivityManager: Process com.snetwork.app (pid 24672) has died: vis+99 TOP 
04-18 20:36:27.026  1296  1313 W ActivityTaskManager: Activity top resumed state loss timeout for ActivityRecord{7411742 u0 com.snetwork.app/.MainActivity t-1 f}
04-18 20:36:27.098  1296  4529 I ActivityTaskManager: START u0 {act=android.intent.action.MAIN cat=[android.intent.category.LAUNCHER] flg=0x10200000 cmp=com.snetwork.app/.MainActivity bnds=[826,588][1027,789] (has extras)} from uid 10089
04-18 20:36:27.142  1296  1321 D Boost   : hostingType=activity, hostingName={com.snetwork.app/com.snetwork.app.MainActivity}, callerPackage=com.miui.home, isSystem=true, isBoostNeeded=false.
04-18 20:36:27.143  1296  1321 I ActivityManager: Start proc 24697:com.snetwork.app/u0a229 for activity {com.snetwork.app/com.snetwork.app.MainActivity} caller=com.miui.home
04-18 20:36:27.259 24697 24697 E AndroidRuntime: Process: com.snetwork.app, PID: 24697
04-18 20:36:27.259 24697 24697 E AndroidRuntime: java.lang.RuntimeException: Unable to instantiate activity ComponentInfo{com.snetwork.app/com.snetwork.app.MainActivity}: java.lang.ClassNotFoundException: Didn't find class "com.snetwork.app.MainActivity" on path: DexPathList[[zip file "/data/app/com.snetwork.app-7e_T7WKwXkup_mUKEWN-qw==/base.apk"],nativeLibraryDirectories=[/data/app/com.snetwork.app-7e_T7WKwXkup_mUKEWN-qw==/lib/arm64, /data/app/com.snetwork.app-7e_T7WKwXkup_mUKEWN-qw==/base.apk!/lib/arm64-v8a, /system/lib64, /product/lib64]]
04-18 20:36:27.259 24697 24697 E AndroidRuntime: Caused by: java.lang.ClassNotFoundException: Didn't find class "com.snetwork.app.MainActivity" on path: DexPathList[[zip file "/data/app/com.snetwork.app-7e_T7WKwXkup_mUKEWN-qw==/base.apk"],nativeLibraryDirectories=[/data/app/com.snetwork.app-7e_T7WKwXkup_mUKEWN-qw==/lib/arm64, /data/app/com.snetwork.app-7e_T7WKwXkup_mUKEWN-qw==/base.apk!/lib/arm64-v8a, /system/lib64, /product/lib64]]
04-18 20:36:27.265  1296  4527 W ActivityTaskManager:   Force finishing activity com.snetwork.app/.MainActivity
04-18 20:36:27.322  1296  4527 V ActivityManager: Death received in com.android.server.am.ActivityManagerService$AppDeathRecipient@9bf7e95 for thread android.os.BinderProxy@b587baa, mPid:24697,mApp:ProcessRecord{35c1b26 24697:com.snetwork.app/u0a229}
04-18 20:36:27.322  1296  4527 I ActivityManager: Process com.snetwork.app (pid 24697) has died: vis+99 TOP 
04-18 20:36:27.766  1296  1313 W ActivityTaskManager: Activity top resumed state loss timeout for ActivityRecord{a5841c6 u0 com.snetwork.app/.MainActivity t-1 f}
04-18 20:36:28.251  1296  4972 D com.android.server.pm.PackageManagerServiceInjector: FirstUseActivity packageName = com.snetwork.app is compiled using filter = bg-filter:speed-profile, success = true
04-18 20:36:30.408  1296  1320 I ActivityManager: Force stopping com.snetwork.app appid=10229 user=0: deletePackageX
04-18 20:36:30.409  1296  1320 I AutoStartManagerService: MIUILOG- Reject RestartService packageName :com.snetwork.app uid : 10229
04-18 20:36:30.417  1296  1336 D PackageManager: updatePermissions, packageName: com.snetwork.app, pkg: null, replaceGrant: false
04-18 20:36:30.417  1296  1336 I PackageManager: Removing old permission tree: com.snetwork.app.DYNAMIC_RECEIVER_NOT_EXPORTED_PERMISSION from package com.snetwork.app
04-18 20:36:30.987  1296  1336 I ActivityManager: Force stopping com.snetwork.app appid=10229 user=0: pkg removed
04-18 20:36:30.988  1296  1336 I AutoStartManagerService: MIUILOG- Reject RestartService packageName :com.snetwork.app uid : 10229
04-18 20:36:31.000  1296  1336 I ActivityManager: Force stopping com.snetwork.app appid=10229 user=0: pkg removed
04-18 20:36:31.020  1296  1336 E AppOps  : java.lang.SecurityException: Specified package com.snetwork.app under uid 10229 but it is really -1
04-18 20:36:31.020  1296  1336 I AutoStartManagerService: MIUILOG- Reject RestartService packageName :com.snetwork.app uid : 10229
04-18 20:36:31.047  1296  1320 W BroadcastQueue: Background execution not allowed: receiving Intent { act=android.intent.action.PACKAGE_REMOVED dat=package:com.snetwork.app flg=0x4000010 (has extras) } to com.lbe.security.miui/com.lbe.security.service.BootReceiver
04-18 20:36:31.048  1296  1320 W BroadcastQueue: Background execution not allowed: receiving Intent { act=android.intent.action.PACKAGE_REMOVED dat=package:com.snetwork.app flg=0x4000010 (has extras) } to com.android.settings/.search.provider.UpdateReceiver
04-18 20:36:31.048  1296  1320 W BroadcastQueue: Background execution not allowed: receiving Intent { act=android.intent.action.PACKAGE_REMOVED dat=package:com.snetwork.app flg=0x4000010 (has extras) } to com.android.vending/com.google.android.finsky.packagemonitor.impl.PackageMonitorReceiverImpl$RegisteredReceiver
04-18 20:36:31.048  1296  1320 W BroadcastQueue: Background execution not allowed: receiving Intent { act=android.intent.action.PACKAGE_REMOVED dat=package:com.snetwork.app flg=0x4000010 (has extras) } to com.android.vending/com.google.android.finsky.packagemonitor.backgroundimpl.BackgroundPackageMonitorReceiverImpl$RegisteredReceiver
04-18 20:36:31.048  1296  1320 W BroadcastQueue: Background execution not allowed: receiving Intent { act=android.intent.action.PACKAGE_REMOVED dat=package:com.snetwork.app flg=0x4000010 (has extras) } to com.facebook.services/com.facebook.oxygen.services.fbns.RegisteredMqttSystemBroadcastReceiver
04-18 20:36:31.066  1296  1320 W BroadcastQueue: Background execution not allowed: receiving Intent { act=android.intent.action.PACKAGE_REMOVED dat=package:com.snetwork.app flg=0x4000010 (has extras) } to com.google.android.apps.maps/com.google.android.libraries.social.peoplekit.thirdparty.viewcontrollers.ThirdPartyReceiver
04-18 20:36:31.067  1296  1320 W BroadcastQueue: Background execution not allowed: receiving Intent { act=android.intent.action.PACKAGE_REMOVED dat=package:com.snetwork.app flg=0x4000010 (has extras) } to com.google.android.gms/.chimera.GmsIntentOperationService$PersistentTrustedReceiver
04-18 20:36:31.081  1296  1320 W BroadcastQueue: Background execution not allowed: receiving Intent { act=android.intent.action.PACKAGE_REMOVED dat=package:com.snetwork.app flg=0x4000010 (has extras) } to com.miui.audioeffect/com.android.musicfx.Compatibility$Receiver
04-18 20:36:31.106  1296  1320 W BroadcastQueue: Background execution not allowed: receiving Intent { act=android.intent.action.PACKAGE_REMOVED dat=package:com.snetwork.app flg=0x4000010 (has extras) } to com.xiaomi.discover/com.xiaomi.market.data.MyPackageMonitor
04-18 20:36:31.106  1296  1320 W BroadcastQueue: Background execution not allowed: receiving Intent { act=android.intent.action.PACKAGE_REMOVED dat=package:com.snetwork.app flg=0x4000010 (has extras) } to com.xiaomi.mipicks/com.xiaomi.market.data.MyPackageMonitor
04-18 20:36:31.106  1296  1320 W BroadcastQueue: Background execution not allowed: receiving Intent { act=android.intent.action.PACKAGE_REMOVED dat=package:com.snetwork.app flg=0x4000010 (has extras) } to com.xiaomi.misettings/.usagestats.AppTimerReceiver
04-18 20:36:31.106  1296  1320 W BroadcastQueue: Background execution not allowed: receiving Intent { act=android.intent.action.PACKAGE_REMOVED dat=package:com.snetwork.app flg=0x4000010 (has extras) } to com.google.android.apps.photos/com.google.android.libraries.social.peoplekit.thirdparty.viewcontrollers.ThirdPartyReceiver
04-18 20:36:31.106  1296  1320 W BroadcastQueue: Background execution not allowed: receiving Intent { act=android.intent.action.PACKAGE_REMOVED dat=package:com.snetwork.app flg=0x4000010 (has extras) } to com.google.android.videos/com.google.android.libraries.social.peoplekit.thirdparty.viewcontrollers.ThirdPartyReceiver
04-18 20:36:31.106  1296  1320 W BroadcastQueue: Background execution not allowed: receiving Intent { act=android.intent.action.PACKAGE_REMOVED dat=package:com.snetwork.app flg=0x4000010 (has extras) } to com.jio.myjio/com.inn.passivesdk.receiver.PackageReceiver
04-18 20:36:32.272  1296  1296 I ConditionProviders: Disallowing condition provider com.snetwork.app
04-18 20:36:32.355  1296  1320 W XSpaceManagerService: update XSpace App: packageName:com.snetwork.app, user:UserHandle{0}, action:android.intent.action.PACKAGE_REMOVED
04-18 20:36:38.159  1296  1962 W BroadcastQueueInjector: Unable to launch app com.google.android.videos/10207 for broadcast Intent { act=android.intent.action.PACKAGE_FULLY_REMOVED dat=package:com.snetwork.app flg=0x5000010 (has extras) }: process is not permitted to  auto start
04-18 20:36:38.163  1296  1320 W BroadcastQueueInjector: Unable to launch app com.jio.myjio/10221 for broadcast Intent { act=android.intent.action.PACKAGE_FULLY_REMOVED dat=package:com.snetwork.app flg=0x5000010 (has extras) }: process is not permitted to  auto start
04-18 20:40:24.833  1296  1336 D PackageManager: updatePermissions, packageName: com.snetwork.app, pkg: Package{ea0cf2c com.snetwork.app}, replaceGrant: true
04-18 20:40:27.140  1296  1336 V BackupManagerService: restoreAtInstall pkg=com.snetwork.app token=29 restoreSet=0
04-18 20:40:27.141  1296  1336 I InstallationStatistic: com.snetwork.app|com.google.android.packageinstaller|5206|495|84|242|1918|2123
04-18 20:40:27.141  1296  1336 D PackageManager: setWhitelistedRestrictedPermissions, pkg: Package{ea0cf2c com.snetwork.app}, callingUid: 1000, whitelistFlags: 2
04-18 20:40:27.208  1296  1458 I MiuiCompatModePackages: package com.snetwork.app updated, removing config
04-18 20:40:27.235  1296  1320 W BroadcastQueue: Background execution not allowed: receiving Intent { act=android.intent.action.PACKAGE_ADDED dat=package:com.snetwork.app flg=0x4000010 (has extras) } to com.lbe.security.miui/com.lbe.security.service.BootReceiver
04-18 20:40:27.240  1296  1320 W BroadcastQueue: Background execution not allowed: receiving Intent { act=android.intent.action.PACKAGE_ADDED dat=package:com.snetwork.app flg=0x4000010 (has extras) } to com.google.android.packageinstaller/com.android.packageinstaller.PackageInstalledReceiver
04-18 20:40:27.240  1296  1320 W BroadcastQueue: Background execution not allowed: receiving Intent { act=android.intent.action.PACKAGE_ADDED dat=package:com.snetwork.app flg=0x4000010 (has extras) } to com.android.settings/.search.provider.UpdateReceiver
04-18 20:40:27.245  1296  1320 W BroadcastQueue: Background execution not allowed: receiving Intent { act=android.intent.action.PACKAGE_ADDED dat=package:com.snetwork.app flg=0x4000010 (has extras) } to com.android.vending/com.google.android.finsky.packagemonitor.impl.PackageMonitorReceiverImpl$RegisteredReceiver
04-18 20:40:27.245  1296  1320 W BroadcastQueue: Background execution not allowed: receiving Intent { act=android.intent.action.PACKAGE_ADDED dat=package:com.snetwork.app flg=0x4000010 (has extras) } to com.android.vending/com.google.android.finsky.packagemonitor.backgroundimpl.BackgroundPackageMonitorReceiverImpl$RegisteredReceiver
04-18 20:40:27.245  1296  1320 W BroadcastQueue: Background execution not allowed: receiving Intent { act=android.intent.action.PACKAGE_ADDED dat=package:com.snetwork.app flg=0x4000010 (has extras) } to com.facebook.appmanager/com.facebook.oxygen.common.packages.event.manifest.ManifestPackageEventReceiver
04-18 20:40:27.245  1296  1320 W BroadcastQueue: Background execution not allowed: receiving Intent { act=android.intent.action.PACKAGE_ADDED dat=package:com.snetwork.app flg=0x4000010 (has extras) } to com.google.android.gms/.gass.chimera.PackageChangeBroadcastReceiver
04-18 20:40:27.245  1296  1320 W BroadcastQueue: Background execution not allowed: receiving Intent { act=android.intent.action.PACKAGE_ADDED dat=package:com.snetwork.app flg=0x4000010 (has extras) } to com.google.android.gms/.chimera.GmsIntentOperationService$PersistentTrustedReceiver
04-18 20:40:27.252  1296  1320 W BroadcastQueue: Background execution not allowed: receiving Intent { act=android.intent.action.PACKAGE_ADDED dat=package:com.snetwork.app flg=0x4000010 (has extras) } to com.miui.audioeffect/com.android.musicfx.Compatibility$Receiver
04-18 20:40:27.259  1296  1320 W BroadcastQueue: Background execution not allowed: receiving Intent { act=android.intent.action.PACKAGE_ADDED dat=package:com.snetwork.app flg=0x4000010 (has extras) } to com.xiaomi.discover/com.xiaomi.market.data.MyPackageMonitor
04-18 20:40:27.269  1296  1320 W BroadcastQueue: Background execution not allowed: receiving Intent { act=android.intent.action.PACKAGE_ADDED dat=package:com.snetwork.app flg=0x4000010 (has extras) } to com.xiaomi.mipicks/com.xiaomi.market.data.MyPackageMonitor
04-18 20:40:27.270  1296  1320 W BroadcastQueue: Background execution not allowed: receiving Intent { act=android.intent.action.PACKAGE_ADDED dat=package:com.snetwork.app flg=0x4000010 (has extras) } to com.xiaomi.misettings/.usagestats.AppTimerReceiver
04-18 20:40:27.270  1296  1320 W BroadcastQueue: Background execution not allowed: receiving Intent { act=android.intent.action.PACKAGE_ADDED dat=package:com.snetwork.app flg=0x4000010 (has extras) } to com.facebook.katana/com.facebook.feed.platformads.AppInstallReceiver
04-18 20:40:27.272  1296  1320 W BroadcastQueue: Background execution not allowed: receiving Intent { act=android.intent.action.PACKAGE_ADDED dat=package:com.snetwork.app flg=0x4000010 (has extras) } to com.jio.myjio/com.inn.passivesdk.receiver.PackageReceiver
04-18 20:40:27.837  1296  1320 W XSpaceManagerService: update XSpace App: packageName:com.snetwork.app, user:UserHandle{0}, action:android.intent.action.PACKAGE_ADDED
04-18 20:40:29.120 26297 26720 W PackageParser: Unknown element under <manifest>: queries at /data/app/com.snetwork.app-LOtnXkcvnfgdWtzgiKGi5w==/base.apk Binary XML file line #29
04-18 20:40:29.129 26297 26720 W PackageParser: Unknown element under <manifest>: queries at /data/app/com.snetwork.app-LOtnXkcvnfgdWtzgiKGi5w==/base.apk Binary XML file line #29
04-18 20:40:29.528 26297 26720 W PackageParser: Unknown element under <manifest>: queries at /data/app/com.snetwork.app-LOtnXkcvnfgdWtzgiKGi5w==/base.apk Binary XML file line #29
04-18 20:40:29.549 26297 26720 W PackageParser: Unknown element under <manifest>: queries at /data/app/com.snetwork.app-LOtnXkcvnfgdWtzgiKGi5w==/base.apk Binary XML file line #29
04-18 20:40:36.802  1296  2219 I ActivityTaskManager: START u0 {act=android.intent.action.MAIN cat=[android.intent.category.LAUNCHER] flg=0x10000000 pkg=com.snetwork.app cmp=com.snetwork.app/.MainActivity} from uid 10156
04-18 20:40:36.952  1296  1321 D Boost   : hostingType=activity, hostingName={com.snetwork.app/com.snetwork.app.MainActivity}, callerPackage=com.miui.global.packageinstaller, isSystem=true, isBoostNeeded=false.
04-18 20:40:36.953  1296  1321 I ActivityManager: Start proc 26920:com.snetwork.app/u0a230 for activity {com.snetwork.app/com.snetwork.app.MainActivity} caller=com.miui.global.packageinstaller
04-18 20:40:37.257 26920 26920 E AndroidRuntime: Process: com.snetwork.app, PID: 26920
04-18 20:40:37.257 26920 26920 E AndroidRuntime: java.lang.RuntimeException: Unable to instantiate activity ComponentInfo{com.snetwork.app/com.snetwork.app.MainActivity}: java.lang.ClassNotFoundException: Didn't find class "com.snetwork.app.MainActivity" on path: DexPathList[[zip file "/data/app/com.snetwork.app-LOtnXkcvnfgdWtzgiKGi5w==/base.apk"],nativeLibraryDirectories=[/data/app/com.snetwork.app-LOtnXkcvnfgdWtzgiKGi5w==/lib/arm64, /data/app/com.snetwork.app-LOtnXkcvnfgdWtzgiKGi5w==/base.apk!/lib/arm64-v8a, /system/lib64, /product/lib64]]
04-18 20:40:37.257 26920 26920 E AndroidRuntime: Caused by: java.lang.ClassNotFoundException: Didn't find class "com.snetwork.app.MainActivity" on path: DexPathList[[zip file "/data/app/com.snetwork.app-LOtnXkcvnfgdWtzgiKGi5w==/base.apk"],nativeLibraryDirectories=[/data/app/com.snetwork.app-LOtnXkcvnfgdWtzgiKGi5w==/lib/arm64, /data/app/com.snetwork.app-LOtnXkcvnfgdWtzgiKGi5w==/base.apk!/lib/arm64-v8a, /system/lib64, /product/lib64]]
04-18 20:40:37.288  1296  2219 W ActivityTaskManager:   Force finishing activity com.snetwork.app/.MainActivity
04-18 20:40:37.312  1296  3075 V ActivityManager: Death received in com.android.server.am.ActivityManagerService$AppDeathRecipient@a135fd5 for thread android.os.BinderProxy@530e3ea, mPid:26920,mApp:ProcessRecord{22ce845 26920:com.snetwork.app/u0a230}
04-18 20:40:37.312  1296  3075 I ActivityManager: Process com.snetwork.app (pid 26920) has died: fore TOP 
04-18 20:40:37.789  1296  1313 W ActivityTaskManager: Activity top resumed state loss timeout for ActivityRecord{c4ab283 u0 com.snetwork.app/.MainActivity t-1 f}
04-18 20:40:44.215 19727 19766 W PackageParser: Unknown element under <manifest>: queries at /data/app/com.snetwork.app-LOtnXkcvnfgdWtzgiKGi5w==/base.apk Binary XML file line #29
04-18 20:40:44.593  1296  3075 I ActivityTaskManager: START u0 {act=android.intent.action.MAIN cat=[android.intent.category.LAUNCHER] flg=0x10200000 cmp=com.snetwork.app/.MainActivity bnds=[823,783][1024,984] (has extras)} from uid 10089
04-18 20:40:44.631  1296  1321 D Boost   : hostingType=activity, hostingName={com.snetwork.app/com.snetwork.app.MainActivity}, callerPackage=com.miui.home, isSystem=true, isBoostNeeded=false.
04-18 20:40:44.632  1296  1321 I ActivityManager: Start proc 27287:com.snetwork.app/u0a230 for activity {com.snetwork.app/com.snetwork.app.MainActivity} caller=com.miui.home
04-18 20:40:44.778 27287 27287 E AndroidRuntime: Process: com.snetwork.app, PID: 27287
04-18 20:40:44.778 27287 27287 E AndroidRuntime: java.lang.RuntimeException: Unable to instantiate activity ComponentInfo{com.snetwork.app/com.snetwork.app.MainActivity}: java.lang.ClassNotFoundException: Didn't find class "com.snetwork.app.MainActivity" on path: DexPathList[[zip file "/data/app/com.snetwork.app-LOtnXkcvnfgdWtzgiKGi5w==/base.apk"],nativeLibraryDirectories=[/data/app/com.snetwork.app-LOtnXkcvnfgdWtzgiKGi5w==/lib/arm64, /data/app/com.snetwork.app-LOtnXkcvnfgdWtzgiKGi5w==/base.apk!/lib/arm64-v8a, /system/lib64, /product/lib64]]
04-18 20:40:44.778 27287 27287 E AndroidRuntime: Caused by: java.lang.ClassNotFoundException: Didn't find class "com.snetwork.app.MainActivity" on path: DexPathList[[zip file "/data/app/com.snetwork.app-LOtnXkcvnfgdWtzgiKGi5w==/base.apk"],nativeLibraryDirectories=[/data/app/com.snetwork.app-LOtnXkcvnfgdWtzgiKGi5w==/lib/arm64, /data/app/com.snetwork.app-LOtnXkcvnfgdWtzgiKGi5w==/base.apk!/lib/arm64-v8a, /system/lib64, /product/lib64]]
04-18 20:40:44.794  1296  3075 W ActivityTaskManager:   Force finishing activity com.snetwork.app/.MainActivity
04-18 20:40:44.842  1296  4526 V ActivityManager: Death received in com.android.server.am.ActivityManagerService$AppDeathRecipient@93340a1 for thread android.os.BinderProxy@609c2c6, mPid:27287,mApp:ProcessRecord{ab2ac38 27287:com.snetwork.app/u0a230}
04-18 20:40:44.848  1296  4526 I ActivityManager: Process com.snetwork.app (pid 27287) has died: vis+99 TOP 
04-18 20:40:45.296  1296  1313 W ActivityTaskManager: Activity top resumed state loss timeout for ActivityRecord{356a931 u0 com.snetwork.app/.MainActivity t-1 f}
04-18 20:40:46.144  1296  4972 D com.android.server.pm.PackageManagerServiceInjector: FirstUseActivity packageName = com.snetwork.app is compiled using filter = bg-filter:speed-profile, success = true
04-18 20:40:46.702  1296  3085 I ActivityTaskManager: START u0 {act=android.settings.APPLICATION_DETAILS_SETTINGS dat=package:com.snetwork.app flg=0x10008000 cmp=com.android.settings/.applications.InstalledAppDetails} from uid 10089
04-18 20:40:57.010  1296  2423 I ActivityManager: Force stopping com.snetwork.app appid=10230 user=0: from process:com.miui.securitycenter
04-18 20:40:57.010  1296  2423 I AutoStartManagerService: MIUILOG- Reject RestartService packageName :com.snetwork.app uid : 10230
04-18 20:41:06.715  1296  4526 I ActivityManager: Force stopping com.snetwork.app appid=10230 user=0: clear data
04-18 20:41:06.716  1296  4526 I AutoStartManagerService: MIUILOG- Reject RestartService packageName :com.snetwork.app uid : 10230
04-18 20:41:06.723  1296  4526 I ConditionProviders: Disallowing condition provider com.snetwork.app
04-18 20:41:06.724  1296  1320 I ActivityManager: Force stopping com.snetwork.app appid=10230 user=-1: clearApplicationUserData
04-18 20:41:09.278  1296  2219 I ActivityTaskManager: START u0 {act=android.intent.action.MAIN cat=[android.intent.category.LAUNCHER] flg=0x10200000 cmp=com.snetwork.app/.MainActivity bnds=[819,776][1020,977] (has extras)} from uid 10089
04-18 20:41:09.366  1296  1321 D Boost   : hostingType=activity, hostingName={com.snetwork.app/com.snetwork.app.MainActivity}, callerPackage=com.miui.home, isSystem=true, isBoostNeeded=false.
04-18 20:41:09.369  1296  1321 I ActivityManager: Start proc 27872:com.snetwork.app/u0a230 for activity {com.snetwork.app/com.snetwork.app.MainActivity} caller=com.miui.home
04-18 20:41:09.776 27872 27872 E AndroidRuntime: Process: com.snetwork.app, PID: 27872
04-18 20:41:09.776 27872 27872 E AndroidRuntime: java.lang.RuntimeException: Unable to instantiate activity ComponentInfo{com.snetwork.app/com.snetwork.app.MainActivity}: java.lang.ClassNotFoundException: Didn't find class "com.snetwork.app.MainActivity" on path: DexPathList[[zip file "/data/app/com.snetwork.app-LOtnXkcvnfgdWtzgiKGi5w==/base.apk"],nativeLibraryDirectories=[/data/app/com.snetwork.app-LOtnXkcvnfgdWtzgiKGi5w==/lib/arm64, /data/app/com.snetwork.app-LOtnXkcvnfgdWtzgiKGi5w==/base.apk!/lib/arm64-v8a, /system/lib64, /product/lib64]]
04-18 20:41:09.776 27872 27872 E AndroidRuntime: Caused by: java.lang.ClassNotFoundException: Didn't find class "com.snetwork.app.MainActivity" on path: DexPathList[[zip file "/data/app/com.snetwork.app-LOtnXkcvnfgdWtzgiKGi5w==/base.apk"],nativeLibraryDirectories=[/data/app/com.snetwork.app-LOtnXkcvnfgdWtzgiKGi5w==/lib/arm64, /data/app/com.snetwork.app-LOtnXkcvnfgdWtzgiKGi5w==/base.apk!/lib/arm64-v8a, /system/lib64, /product/lib64]]
04-18 20:41:09.819  1296  3105 W ActivityTaskManager:   Force finishing activity com.snetwork.app/.MainActivity
04-18 20:41:09.901  1296  2219 V ActivityManager: Death received in com.android.server.am.ActivityManagerService$AppDeathRecipient@7bcd80 for thread android.os.BinderProxy@e53afb9, mPid:27872,mApp:ProcessRecord{b9c0be0 27872:com.snetwork.app/u0a230}
04-18 20:41:09.901  1296  2219 I ActivityManager: Process com.snetwork.app (pid 27872) has died: vis+99 TOP 
04-18 20:41:10.322  1296  1313 W ActivityTaskManager: Activity top resumed state loss timeout for ActivityRecord{a86e4d u0 com.snetwork.app/.MainActivity t-1 f}
04-18 20:47:27.634  1296  1320 I ActivityManager: Force stopping com.snetwork.app appid=10230 user=0: deletePackageX
04-18 20:47:27.637  1296  1320 I AutoStartManagerService: MIUILOG- Reject RestartService packageName :com.snetwork.app uid : 10230
04-18 20:47:27.650  1296  1336 D PackageManager: updatePermissions, packageName: com.snetwork.app, pkg: null, replaceGrant: false
04-18 20:47:27.650  1296  1336 I PackageManager: Removing old permission tree: com.snetwork.app.DYNAMIC_RECEIVER_NOT_EXPORTED_PERMISSION from package com.snetwork.app
04-18 20:47:28.295  1296  1336 I ActivityManager: Force stopping com.snetwork.app appid=10230 user=0: pkg removed
04-18 20:47:28.295  1296  1336 I AutoStartManagerService: MIUILOG- Reject RestartService packageName :com.snetwork.app uid : 10230
04-18 20:47:28.329  1296  1320 W BroadcastQueue: Background execution not allowed: receiving Intent { act=android.intent.action.PACKAGE_REMOVED dat=package:com.snetwork.app flg=0x4000010 (has extras) } to com.lbe.security.miui/com.lbe.security.service.BootReceiver
04-18 20:47:28.332  1296  1336 I ActivityManager: Force stopping com.snetwork.app appid=10230 user=0: pkg removed
04-18 20:47:28.347  1296  1336 E AppOps  : java.lang.SecurityException: Specified package com.snetwork.app under uid 10230 but it is really -1
04-18 20:47:28.347  1296  1336 I AutoStartManagerService: MIUILOG- Reject RestartService packageName :com.snetwork.app uid : 10230
04-18 20:47:28.357  1296  1320 W BroadcastQueue: Background execution not allowed: receiving Intent { act=android.intent.action.PACKAGE_REMOVED dat=package:com.snetwork.app flg=0x4000010 (has extras) } to com.android.settings/.search.provider.UpdateReceiver
04-18 20:47:28.362  1296  1320 W BroadcastQueue: Background execution not allowed: receiving Intent { act=android.intent.action.PACKAGE_REMOVED dat=package:com.snetwork.app flg=0x4000010 (has extras) } to com.android.vending/com.google.android.finsky.packagemonitor.impl.PackageMonitorReceiverImpl$RegisteredReceiver
04-18 20:47:28.380  1296  1320 W BroadcastQueue: Background execution not allowed: receiving Intent { act=android.intent.action.PACKAGE_REMOVED dat=package:com.snetwork.app flg=0x4000010 (has extras) } to com.android.vending/com.google.android.finsky.packagemonitor.backgroundimpl.BackgroundPackageMonitorReceiverImpl$RegisteredReceiver
04-18 20:47:28.391  1296  1320 W BroadcastQueue: Background execution not allowed: receiving Intent { act=android.intent.action.PACKAGE_REMOVED dat=package:com.snetwork.app flg=0x4000010 (has extras) } to com.facebook.services/com.facebook.oxygen.services.fbns.RegisteredMqttSystemBroadcastReceiver
04-18 20:47:28.393  1296  1320 W BroadcastQueue: Background execution not allowed: receiving Intent { act=android.intent.action.PACKAGE_REMOVED dat=package:com.snetwork.app flg=0x4000010 (has extras) } to com.google.android.apps.maps/com.google.android.libraries.social.peoplekit.thirdparty.viewcontrollers.ThirdPartyReceiver
04-18 20:47:28.396  1296  1320 W BroadcastQueue: Background execution not allowed: receiving Intent { act=android.intent.action.PACKAGE_REMOVED dat=package:com.snetwork.app flg=0x4000010 (has extras) } to com.google.android.gms/.chimera.GmsIntentOperationService$PersistentTrustedReceiver
04-18 20:47:28.396  1296  1320 W BroadcastQueue: Background execution not allowed: receiving Intent { act=android.intent.action.PACKAGE_REMOVED dat=package:com.snetwork.app flg=0x4000010 (has extras) } to com.miui.audioeffect/com.android.musicfx.Compatibility$Receiver
04-18 20:47:28.400  1296  1320 W BroadcastQueue: Background execution not allowed: receiving Intent { act=android.intent.action.PACKAGE_REMOVED dat=package:com.snetwork.app flg=0x4000010 (has extras) } to com.xiaomi.discover/com.xiaomi.market.data.MyPackageMonitor
04-18 20:47:28.400  1296  1320 W BroadcastQueue: Background execution not allowed: receiving Intent { act=android.intent.action.PACKAGE_REMOVED dat=package:com.snetwork.app flg=0x4000010 (has extras) } to com.xiaomi.mipicks/com.xiaomi.market.data.MyPackageMonitor
04-18 20:47:28.401  1296  1320 W BroadcastQueue: Background execution not allowed: receiving Intent { act=android.intent.action.PACKAGE_REMOVED dat=package:com.snetwork.app flg=0x4000010 (has extras) } to com.xiaomi.misettings/.usagestats.AppTimerReceiver
04-18 20:47:28.403  1296  1320 W BroadcastQueue: Background execution not allowed: receiving Intent { act=android.intent.action.PACKAGE_REMOVED dat=package:com.snetwork.app flg=0x4000010 (has extras) } to com.google.android.apps.photos/com.google.android.libraries.social.peoplekit.thirdparty.viewcontrollers.ThirdPartyReceiver
04-18 20:47:28.404  1296  1320 W BroadcastQueue: Background execution not allowed: receiving Intent { act=android.intent.action.PACKAGE_REMOVED dat=package:com.snetwork.app flg=0x4000010 (has extras) } to com.google.android.videos/com.google.android.libraries.social.peoplekit.thirdparty.viewcontrollers.ThirdPartyReceiver
04-18 20:47:28.404  1296  1320 W BroadcastQueue: Background execution not allowed: receiving Intent { act=android.intent.action.PACKAGE_REMOVED dat=package:com.snetwork.app flg=0x4000010 (has extras) } to com.jio.myjio/com.inn.passivesdk.receiver.PackageReceiver
04-18 20:47:29.680  1296  1320 W XSpaceManagerService: update XSpace App: packageName:com.snetwork.app, user:UserHandle{0}, action:android.intent.action.PACKAGE_REMOVED
04-18 20:47:29.890  1296  1296 I ConditionProviders: Disallowing condition provider com.snetwork.app
04-18 20:47:34.545  1296  2462 W BroadcastQueueInjector: Unable to launch app com.google.android.videos/10207 for broadcast Intent { act=android.intent.action.PACKAGE_FULLY_REMOVED dat=package:com.snetwork.app flg=0x5000010 (has extras) }: process is not permitted to  auto start
04-18 20:47:34.548  1296  1320 W BroadcastQueueInjector: Unable to launch app com.jio.myjio/10221 for broadcast Intent { act=android.intent.action.PACKAGE_FULLY_REMOVED dat=package:com.snetwork.app flg=0x5000010 (has extras) }: process is not permitted to  auto start
04-18 20:52:31.633  1296  1336 D PackageManager: updatePermissions, packageName: com.snetwork.app, pkg: Package{2b61f4 com.snetwork.app}, replaceGrant: true
04-18 20:52:35.077  1296  1336 V BackupManagerService: restoreAtInstall pkg=com.snetwork.app token=2a restoreSet=0
04-18 20:52:35.083  1296  1336 I InstallationStatistic: com.snetwork.app|com.google.android.packageinstaller|261826|452|69|181|257483|3194
04-18 20:52:35.083  1296  1336 D PackageManager: setWhitelistedRestrictedPermissions, pkg: Package{2b61f4 com.snetwork.app}, callingUid: 1000, whitelistFlags: 2
04-18 20:52:35.150  1296  1458 I MiuiCompatModePackages: package com.snetwork.app updated, removing config
04-18 20:52:35.177  1296  1320 W BroadcastQueue: Background execution not allowed: receiving Intent { act=android.intent.action.PACKAGE_ADDED dat=package:com.snetwork.app flg=0x4000010 (has extras) } to com.lbe.security.miui/com.lbe.security.service.BootReceiver
04-18 20:52:35.177  1296  1320 W BroadcastQueue: Background execution not allowed: receiving Intent { act=android.intent.action.PACKAGE_ADDED dat=package:com.snetwork.app flg=0x4000010 (has extras) } to com.google.android.packageinstaller/com.android.packageinstaller.PackageInstalledReceiver
04-18 20:52:35.177  1296  1320 W BroadcastQueue: Background execution not allowed: receiving Intent { act=android.intent.action.PACKAGE_ADDED dat=package:com.snetwork.app flg=0x4000010 (has extras) } to com.android.settings/.search.provider.UpdateReceiver
04-18 20:52:35.177  1296  1320 W BroadcastQueue: Background execution not allowed: receiving Intent { act=android.intent.action.PACKAGE_ADDED dat=package:com.snetwork.app flg=0x4000010 (has extras) } to com.android.vending/com.google.android.finsky.packagemonitor.impl.PackageMonitorReceiverImpl$RegisteredReceiver
04-18 20:52:35.177  1296  1320 W BroadcastQueue: Background execution not allowed: receiving Intent { act=android.intent.action.PACKAGE_ADDED dat=package:com.snetwork.app flg=0x4000010 (has extras) } to com.android.vending/com.google.android.finsky.packagemonitor.backgroundimpl.BackgroundPackageMonitorReceiverImpl$RegisteredReceiver
04-18 20:52:35.177  1296  1320 W BroadcastQueue: Background execution not allowed: receiving Intent { act=android.intent.action.PACKAGE_ADDED dat=package:com.snetwork.app flg=0x4000010 (has extras) } to com.facebook.appmanager/com.facebook.oxygen.common.packages.event.manifest.ManifestPackageEventReceiver
04-18 20:52:35.178  1296  1320 W BroadcastQueue: Background execution not allowed: receiving Intent { act=android.intent.action.PACKAGE_ADDED dat=package:com.snetwork.app flg=0x4000010 (has extras) } to com.google.android.gms/.gass.chimera.PackageChangeBroadcastReceiver
04-18 20:52:35.178  1296  1320 W BroadcastQueue: Background execution not allowed: receiving Intent { act=android.intent.action.PACKAGE_ADDED dat=package:com.snetwork.app flg=0x4000010 (has extras) } to com.google.android.gms/.chimera.GmsIntentOperationService$PersistentTrustedReceiver
04-18 20:52:35.178  1296  1320 W BroadcastQueue: Background execution not allowed: receiving Intent { act=android.intent.action.PACKAGE_ADDED dat=package:com.snetwork.app flg=0x4000010 (has extras) } to com.miui.audioeffect/com.android.musicfx.Compatibility$Receiver
04-18 20:52:35.178  1296  1320 W BroadcastQueue: Background execution not allowed: receiving Intent { act=android.intent.action.PACKAGE_ADDED dat=package:com.snetwork.app flg=0x4000010 (has extras) } to com.xiaomi.discover/com.xiaomi.market.data.MyPackageMonitor
04-18 20:52:35.178  1296  1320 W BroadcastQueue: Background execution not allowed: receiving Intent { act=android.intent.action.PACKAGE_ADDED dat=package:com.snetwork.app flg=0x4000010 (has extras) } to com.xiaomi.mipicks/com.xiaomi.market.data.MyPackageMonitor
04-18 20:52:35.178  1296  1320 W BroadcastQueue: Background execution not allowed: receiving Intent { act=android.intent.action.PACKAGE_ADDED dat=package:com.snetwork.app flg=0x4000010 (has extras) } to com.xiaomi.misettings/.usagestats.AppTimerReceiver
04-18 20:52:35.178  1296  1320 W BroadcastQueue: Background execution not allowed: receiving Intent { act=android.intent.action.PACKAGE_ADDED dat=package:com.snetwork.app flg=0x4000010 (has extras) } to com.facebook.katana/com.facebook.feed.platformads.AppInstallReceiver
04-18 20:52:35.178  1296  1320 W BroadcastQueue: Background execution not allowed: receiving Intent { act=android.intent.action.PACKAGE_ADDED dat=package:com.snetwork.app flg=0x4000010 (has extras) } to com.jio.myjio/com.inn.passivesdk.receiver.PackageReceiver
04-18 20:52:38.081 29279 30524 W PackageParser: Unknown element under <manifest>: queries at /data/app/com.snetwork.app-WT_JIPLjWmJYQpm6Sf5g8g==/base.apk Binary XML file line #29
04-18 20:52:38.094 29279 30524 W PackageParser: Unknown element under <manifest>: queries at /data/app/com.snetwork.app-WT_JIPLjWmJYQpm6Sf5g8g==/base.apk Binary XML file line #29
04-18 20:52:38.656 29279 30524 W PackageParser: Unknown element under <manifest>: queries at /data/app/com.snetwork.app-WT_JIPLjWmJYQpm6Sf5g8g==/base.apk Binary XML file line #29
04-18 20:52:38.677 29279 30524 W PackageParser: Unknown element under <manifest>: queries at /data/app/com.snetwork.app-WT_JIPLjWmJYQpm6Sf5g8g==/base.apk Binary XML file line #29
04-18 20:52:39.069  1296  1320 W XSpaceManagerService: update XSpace App: packageName:com.snetwork.app, user:UserHandle{0}, action:android.intent.action.PACKAGE_ADDED
04-18 20:52:43.845 19727 19770 W PackageParser: Unknown element under <manifest>: queries at /data/app/com.snetwork.app-WT_JIPLjWmJYQpm6Sf5g8g==/base.apk Binary XML file line #29
04-18 20:52:51.153  1296  2423 I ActivityTaskManager: START u0 {act=android.intent.action.MAIN cat=[android.intent.category.LAUNCHER] flg=0x10000000 pkg=com.snetwork.app cmp=com.snetwork.app/.MainActivity} from uid 10156
04-18 20:52:51.302  1296  1321 D Boost   : hostingType=activity, hostingName={com.snetwork.app/com.snetwork.app.MainActivity}, callerPackage=com.miui.global.packageinstaller, isSystem=true, isBoostNeeded=false.
04-18 20:52:51.304  1296  1321 I ActivityManager: Start proc 30605:com.snetwork.app/u0a231 for activity {com.snetwork.app/com.snetwork.app.MainActivity} caller=com.miui.global.packageinstaller
04-18 20:52:51.752 30605 30605 E AndroidRuntime: Process: com.snetwork.app, PID: 30605
04-18 20:52:51.752 30605 30605 E AndroidRuntime: java.lang.RuntimeException: Unable to instantiate activity ComponentInfo{com.snetwork.app/com.snetwork.app.MainActivity}: java.lang.ClassNotFoundException: Didn't find class "com.snetwork.app.MainActivity" on path: DexPathList[[zip file "/data/app/com.snetwork.app-WT_JIPLjWmJYQpm6Sf5g8g==/base.apk"],nativeLibraryDirectories=[/data/app/com.snetwork.app-WT_JIPLjWmJYQpm6Sf5g8g==/lib/arm64, /data/app/com.snetwork.app-WT_JIPLjWmJYQpm6Sf5g8g==/base.apk!/lib/arm64-v8a, /system/lib64, /product/lib64]]
04-18 20:52:51.752 30605 30605 E AndroidRuntime: Caused by: java.lang.ClassNotFoundException: Didn't find class "com.snetwork.app.MainActivity" on path: DexPathList[[zip file "/data/app/com.snetwork.app-WT_JIPLjWmJYQpm6Sf5g8g==/base.apk"],nativeLibraryDirectories=[/data/app/com.snetwork.app-WT_JIPLjWmJYQpm6Sf5g8g==/lib/arm64, /data/app/com.snetwork.app-WT_JIPLjWmJYQpm6Sf5g8g==/base.apk!/lib/arm64-v8a, /system/lib64, /product/lib64]]
04-18 20:52:51.805  1296  1962 W ActivityTaskManager:   Force finishing activity com.snetwork.app/.MainActivity
04-18 20:52:51.868  1296  2219 V ActivityManager: Death received in com.android.server.am.ActivityManagerService$AppDeathRecipient@c6c621 for thread android.os.BinderProxy@3869a46, mPid:30605,mApp:ProcessRecord{4bda193 30605:com.snetwork.app/u0a231}
04-18 20:52:51.872  1296  2219 I ActivityManager: Process com.snetwork.app (pid 30605) has died: vis+99 TOP 
04-18 20:52:52.308  1296  1313 W ActivityTaskManager: Activity top resumed state loss timeout for ActivityRecord{3d8910 u0 com.snetwork.app/.MainActivity t-1 f}
04-18 20:52:59.241  1296  4520 I ActivityTaskManager: START u0 {act=android.intent.action.MAIN cat=[android.intent.category.LAUNCHER] flg=0x10200000 cmp=com.snetwork.app/.MainActivity bnds=[822,1435][1023,1636] (has extras)} from uid 10089
04-18 20:52:59.283  1296  1321 D Boost   : hostingType=activity, hostingName={com.snetwork.app/com.snetwork.app.MainActivity}, callerPackage=com.miui.home, isSystem=true, isBoostNeeded=false.
04-18 20:52:59.284  1296  1321 I ActivityManager: Start proc 30722:com.snetwork.app/u0a231 for activity {com.snetwork.app/com.snetwork.app.MainActivity} caller=com.miui.home
04-18 20:52:59.472 30722 30722 E AndroidRuntime: Process: com.snetwork.app, PID: 30722
04-18 20:52:59.472 30722 30722 E AndroidRuntime: java.lang.RuntimeException: Unable to instantiate activity ComponentInfo{com.snetwork.app/com.snetwork.app.MainActivity}: java.lang.ClassNotFoundException: Didn't find class "com.snetwork.app.MainActivity" on path: DexPathList[[zip file "/data/app/com.snetwork.app-WT_JIPLjWmJYQpm6Sf5g8g==/base.apk"],nativeLibraryDirectories=[/data/app/com.snetwork.app-WT_JIPLjWmJYQpm6Sf5g8g==/lib/arm64, /data/app/com.snetwork.app-WT_JIPLjWmJYQpm6Sf5g8g==/base.apk!/lib/arm64-v8a, /system/lib64, /product/lib64]]
04-18 20:52:59.472 30722 30722 E AndroidRuntime: Caused by: java.lang.ClassNotFoundException: Didn't find class "com.snetwork.app.MainActivity" on path: DexPathList[[zip file "/data/app/com.snetwork.app-WT_JIPLjWmJYQpm6Sf5g8g==/base.apk"],nativeLibraryDirectories=[/data/app/com.snetwork.app-WT_JIPLjWmJYQpm6Sf5g8g==/lib/arm64, /data/app/com.snetwork.app-WT_JIPLjWmJYQpm6Sf5g8g==/base.apk!/lib/arm64-v8a, /system/lib64, /product/lib64]]
04-18 20:52:59.480  1296  2219 W ActivityTaskManager:   Force finishing activity com.snetwork.app/.MainActivity
04-18 20:52:59.520  1296  1308 V ActivityManager: Death received in com.android.server.am.ActivityManagerService$AppDeathRecipient@b536e4e for thread android.os.BinderProxy@c75eb6f, mPid:30722,mApp:ProcessRecord{de7a175 30722:com.snetwork.app/u0a231}
04-18 20:52:59.531  1296  1308 I ActivityManager: Process com.snetwork.app (pid 30722) has died: vis+99 TOP 
04-18 20:52:59.983  1296  1313 W ActivityTaskManager: Activity top resumed state loss timeout for ActivityRecord{dbd619e u0 com.snetwork.app/.MainActivity t-1 f}
04-18 20:53:00.337  1296  3102 I ActivityTaskManager: START u0 {act=android.intent.action.MAIN cat=[android.intent.category.LAUNCHER] flg=0x10200000 cmp=com.snetwork.app/.MainActivity bnds=[820,1433][1021,1634] (has extras)} from uid 10089
04-18 20:53:00.388  1296  1321 D Boost   : hostingType=activity, hostingName={com.snetwork.app/com.snetwork.app.MainActivity}, callerPackage=com.miui.home, isSystem=true, isBoostNeeded=false.
04-18 20:53:00.390  1296  1321 I ActivityManager: Start proc 30750:com.snetwork.app/u0a231 for activity {com.snetwork.app/com.snetwork.app.MainActivity} caller=com.miui.home
04-18 20:53:00.496 30750 30750 E AndroidRuntime: Process: com.snetwork.app, PID: 30750
04-18 20:53:00.496 30750 30750 E AndroidRuntime: java.lang.RuntimeException: Unable to instantiate activity ComponentInfo{com.snetwork.app/com.snetwork.app.MainActivity}: java.lang.ClassNotFoundException: Didn't find class "com.snetwork.app.MainActivity" on path: DexPathList[[zip file "/data/app/com.snetwork.app-WT_JIPLjWmJYQpm6Sf5g8g==/base.apk"],nativeLibraryDirectories=[/data/app/com.snetwork.app-WT_JIPLjWmJYQpm6Sf5g8g==/lib/arm64, /data/app/com.snetwork.app-WT_JIPLjWmJYQpm6Sf5g8g==/base.apk!/lib/arm64-v8a, /system/lib64, /product/lib64]]
04-18 20:53:00.496 30750 30750 E AndroidRuntime: Caused by: java.lang.ClassNotFoundException: Didn't find class "com.snetwork.app.MainActivity" on path: DexPathList[[zip file "/data/app/com.snetwork.app-WT_JIPLjWmJYQpm6Sf5g8g==/base.apk"],nativeLibraryDirectories=[/data/app/com.snetwork.app-WT_JIPLjWmJYQpm6Sf5g8g==/lib/arm64, /data/app/com.snetwork.app-WT_JIPLjWmJYQpm6Sf5g8g==/base.apk!/lib/arm64-v8a, /system/lib64, /product/lib64]]
04-18 20:53:00.506  1296  2537 W ActivityTaskManager:   Force finishing activity com.snetwork.app/.MainActivity
04-18 20:53:00.545  1296  1308 V ActivityManager: Death received in com.android.server.am.ActivityManagerService$AppDeathRecipient@7fcdc5e for thread android.os.BinderProxy@82a83f, mPid:30750,mApp:ProcessRecord{35fb81a 30750:com.snetwork.app/u0a231}
04-18 20:53:00.547  1296  1308 I ActivityManager: Process com.snetwork.app (pid 30750) has died: vis+99 TOP 
04-18 20:53:00.633  1296  4972 D com.android.server.pm.PackageManagerServiceInjector: FirstUseActivity packageName = com.snetwork.app is compiled using filter = bg-filter:speed-profile, success = true
04-18 20:53:01.007  1296  1313 W ActivityTaskManager: Activity top resumed state loss timeout for ActivityRecord{4e3ef6b u0 com.snetwork.app/.MainActivity t-1 f}
04-18 20:53:01.150  1296  1391 I ActivityTaskManager: START u0 {act=android.intent.action.MAIN cat=[android.intent.category.LAUNCHER] flg=0x10200000 cmp=com.snetwork.app/.MainActivity bnds=[822,1435][1023,1636] (has extras)} from uid 10089
04-18 20:53:01.194  1296  1321 D Boost   : hostingType=activity, hostingName={com.snetwork.app/com.snetwork.app.MainActivity}, callerPackage=com.miui.home, isSystem=true, isBoostNeeded=false.
04-18 20:53:01.195  1296  1321 I ActivityManager: Start proc 30778:com.snetwork.app/u0a231 for activity {com.snetwork.app/com.snetwork.app.MainActivity} caller=com.miui.home
04-18 20:53:01.305 30778 30778 E AndroidRuntime: Process: com.snetwork.app, PID: 30778
04-18 20:53:01.305 30778 30778 E AndroidRuntime: java.lang.RuntimeException: Unable to instantiate activity ComponentInfo{com.snetwork.app/com.snetwork.app.MainActivity}: java.lang.ClassNotFoundException: Didn't find class "com.snetwork.app.MainActivity" on path: DexPathList[[zip file "/data/app/com.snetwork.app-WT_JIPLjWmJYQpm6Sf5g8g==/base.apk"],nativeLibraryDirectories=[/data/app/com.snetwork.app-WT_JIPLjWmJYQpm6Sf5g8g==/lib/arm64, /data/app/com.snetwork.app-WT_JIPLjWmJYQpm6Sf5g8g==/base.apk!/lib/arm64-v8a, /system/lib64, /product/lib64]]
04-18 20:53:01.305 30778 30778 E AndroidRuntime: Caused by: java.lang.ClassNotFoundException: Didn't find class "com.snetwork.app.MainActivity" on path: DexPathList[[zip file "/data/app/com.snetwork.app-WT_JIPLjWmJYQpm6Sf5g8g==/base.apk"],nativeLibraryDirectories=[/data/app/com.snetwork.app-WT_JIPLjWmJYQpm6Sf5g8g==/lib/arm64, /data/app/com.snetwork.app-WT_JIPLjWmJYQpm6Sf5g8g==/base.apk!/lib/arm64-v8a, /system/lib64, /product/lib64]]
04-18 20:53:01.313  1296  3095 W ActivityTaskManager:   Force finishing activity com.snetwork.app/.MainActivity
04-18 20:53:01.358  1296  4520 V ActivityManager: Death received in com.android.server.am.ActivityManagerService$AppDeathRecipient@f8366e for thread android.os.BinderProxy@158e10f, mPid:30778,mApp:ProcessRecord{7939bf7 30778:com.snetwork.app/u0a231}
04-18 20:53:01.359  1296  4520 I ActivityManager: Process com.snetwork.app (pid 30778) has died: vis+99 TOP 
04-18 20:53:01.814  1296  1313 W ActivityTaskManager: Activity top resumed state loss timeout for ActivityRecord{da65bca u0 com.snetwork.app/.MainActivity t-1 f}
04-18 20:54:11.407  1296  3105 D PowerHalWrapper: amsBoostNotify pid:15475,activity:com.android.settings.Settings$UsbDetailsActivity, package:com.android.settings, mProcessCreatePackcom.snetwork.app 
04-18 20:54:13.242  1296  3105 D PowerHalWrapper: amsBoostNotify pid:1708,activity:com.miui.home.launcher.Launcher, package:com.miui.home, mProcessCreatePackcom.snetwork.app 
